Archive member included to satisfy reference by file (symbol)

e:/programme/avr-gcc/bin/../lib/gcc/avr/8.1.0/avr5\libgcc.a(_exit.o)
                              e:/programme/avr-gcc/bin/../lib/gcc/avr/8.1.0/../../../../avr/lib/avr5/crtatmega328p.o (exit)
e:/programme/avr-gcc/bin/../lib/gcc/avr/8.1.0/avr5\libgcc.a(_copy_data.o)
                              main.o (__do_copy_data)
e:/programme/avr-gcc/bin/../lib/gcc/avr/8.1.0/avr5\libgcc.a(_clear_bss.o)
                              main.o (__do_clear_bss)
e:/programme/avr-gcc/bin/../lib/gcc/avr/8.1.0/../../../../avr/lib/avr5\libc.a(itoa_ncheck.o)
                              main.o (__itoa_ncheck)
e:/programme/avr-gcc/bin/../lib/gcc/avr/8.1.0/../../../../avr/lib/avr5\libc.a(utoa_ncheck.o)
                              e:/programme/avr-gcc/bin/../lib/gcc/avr/8.1.0/../../../../avr/lib/avr5\libc.a(itoa_ncheck.o) (__utoa_common)
e:/programme/avr-gcc/bin/../lib/gcc/avr/8.1.0/../../../../avr/lib/avr5\libc.a(strrev.o)
                              e:/programme/avr-gcc/bin/../lib/gcc/avr/8.1.0/../../../../avr/lib/avr5\libc.a(utoa_ncheck.o) (strrev)

Discarded input sections

 .group         0x0000000000000000        0x8 main.o
 .group         0x0000000000000000        0xc main.o
 .group         0x0000000000000000        0xc main.o
 .group         0x0000000000000000        0xc main.o
 .group         0x0000000000000000        0xc main.o
 .group         0x0000000000000000        0xc main.o
 .group         0x0000000000000000        0xc main.o
 .group         0x0000000000000000        0xc main.o
 .group         0x0000000000000000        0xc main.o
 .group         0x0000000000000000        0x8 main.o

Memory Configuration

Name             Origin             Length             Attributes
text             0x0000000000000000 0x0000000000020000 xr
data             0x0000000000800060 0x000000000000ffa0 rw !x
eeprom           0x0000000000810000 0x0000000000010000 rw !x
fuse             0x0000000000820000 0x0000000000000400 rw !x
lock             0x0000000000830000 0x0000000000000400 rw !x
signature        0x0000000000840000 0x0000000000000400 rw !x
user_signatures  0x0000000000850000 0x0000000000000400 rw !x
*default*        0x0000000000000000 0xffffffffffffffff

Linker script and memory map

Address of section .data set to 0x800100
LOAD e:/programme/avr-gcc/bin/../lib/gcc/avr/8.1.0/../../../../avr/lib/avr5/crtatmega328p.o
Address of section .mmcu set to 0x910000
LOAD main.o
START GROUP
LOAD e:/programme/avr-gcc/bin/../lib/gcc/avr/8.1.0/avr5\libgcc.a
LOAD e:/programme/avr-gcc/bin/../lib/gcc/avr/8.1.0/../../../../avr/lib/avr5\libm.a
LOAD e:/programme/avr-gcc/bin/../lib/gcc/avr/8.1.0/../../../../avr/lib/avr5\libc.a
LOAD e:/programme/avr-gcc/bin/../lib/gcc/avr/8.1.0/../../../../avr/lib/avr5\libatmega328p.a
END GROUP
                0x0000000000020000                __TEXT_REGION_LENGTH__ = DEFINED (__TEXT_REGION_LENGTH__)?__TEXT_REGION_LENGTH__:0x20000
                0x000000000000ffa0                __DATA_REGION_LENGTH__ = DEFINED (__DATA_REGION_LENGTH__)?__DATA_REGION_LENGTH__:0xffa0
                0x0000000000010000                __EEPROM_REGION_LENGTH__ = DEFINED (__EEPROM_REGION_LENGTH__)?__EEPROM_REGION_LENGTH__:0x10000
                0x0000000000000400                __FUSE_REGION_LENGTH__ = DEFINED (__FUSE_REGION_LENGTH__)?__FUSE_REGION_LENGTH__:0x400
                0x0000000000000400                __LOCK_REGION_LENGTH__ = DEFINED (__LOCK_REGION_LENGTH__)?__LOCK_REGION_LENGTH__:0x400
                0x0000000000000400                __SIGNATURE_REGION_LENGTH__ = DEFINED (__SIGNATURE_REGION_LENGTH__)?__SIGNATURE_REGION_LENGTH__:0x400
                0x0000000000000400                __USER_SIGNATURE_REGION_LENGTH__ = DEFINED (__USER_SIGNATURE_REGION_LENGTH__)?__USER_SIGNATURE_REGION_LENGTH__:0x400

.hash
 *(.hash)

.dynsym
 *(.dynsym)

.dynstr
 *(.dynstr)

.gnu.version
 *(.gnu.version)

.gnu.version_d
 *(.gnu.version_d)

.gnu.version_r
 *(.gnu.version_r)

.rel.init
 *(.rel.init)

.rela.init
 *(.rela.init)

.rel.text
 *(.rel.text)
 *(.rel.text.*)
 *(.rel.gnu.linkonce.t*)

.rela.text
 *(.rela.text)
 *(.rela.text.*)
 *(.rela.gnu.linkonce.t*)

.rel.fini
 *(.rel.fini)

.rela.fini
 *(.rela.fini)

.rel.rodata
 *(.rel.rodata)
 *(.rel.rodata.*)
 *(.rel.gnu.linkonce.r*)

.rela.rodata
 *(.rela.rodata)
 *(.rela.rodata.*)
 *(.rela.gnu.linkonce.r*)

.rel.data
 *(.rel.data)
 *(.rel.data.*)
 *(.rel.gnu.linkonce.d*)

.rela.data
 *(.rela.data)
 *(.rela.data.*)
 *(.rela.gnu.linkonce.d*)

.rel.ctors
 *(.rel.ctors)

.rela.ctors
 *(.rela.ctors)

.rel.dtors
 *(.rel.dtors)

.rela.dtors
 *(.rela.dtors)

.rel.got
 *(.rel.got)

.rela.got
 *(.rela.got)

.rel.bss
 *(.rel.bss)

.rela.bss
 *(.rela.bss)

.rel.plt
 *(.rel.plt)

.rela.plt
 *(.rela.plt)

.text           0x0000000000000000      0x6b6
 *(.vectors)
 .vectors       0x0000000000000000       0x68 e:/programme/avr-gcc/bin/../lib/gcc/avr/8.1.0/../../../../avr/lib/avr5/crtatmega328p.o
                0x0000000000000000                __vector_default
                0x0000000000000000                __vectors
 *(.vectors)
 *(.progmem.gcc*)
                0x0000000000000068                . = ALIGN (0x2)
                0x0000000000000068                __trampolines_start = .
 *(.trampolines)
 .trampolines   0x0000000000000068        0x0 linker stubs
 *(.trampolines*)
                0x0000000000000068                __trampolines_end = .
 *libprintf_flt.a:*(.progmem.data)
 *libc.a:*(.progmem.data)
 *(.progmem.*)
 .progmem.data  0x0000000000000068      0x1c7 main.o
                0x0000000000000230                . = ALIGN (0x2)
 *fill*         0x000000000000022f        0x1 
 *(.lowtext)
 *(.lowtext*)
                0x0000000000000230                __ctors_start = .
 *(.ctors)
                0x0000000000000230                __ctors_end = .
                0x0000000000000230                __dtors_start = .
 *(.dtors)
                0x0000000000000230                __dtors_end = .
 SORT_BY_NAME(*)(.ctors)
 SORT_BY_NAME(*)(.dtors)
 *(.init0)
 .init0         0x0000000000000230        0x0 e:/programme/avr-gcc/bin/../lib/gcc/avr/8.1.0/../../../../avr/lib/avr5/crtatmega328p.o
                0x0000000000000230                __init
 *(.init0)
 *(.init1)
 *(.init1)
 *(.init2)
 .init2         0x0000000000000230        0xc e:/programme/avr-gcc/bin/../lib/gcc/avr/8.1.0/../../../../avr/lib/avr5/crtatmega328p.o
 *(.init2)
 *(.init3)
 *(.init3)
 *(.init4)
 .init4         0x000000000000023c       0x16 e:/programme/avr-gcc/bin/../lib/gcc/avr/8.1.0/avr5\libgcc.a(_copy_data.o)
                0x000000000000023c                __do_copy_data
 .init4         0x0000000000000252       0x10 e:/programme/avr-gcc/bin/../lib/gcc/avr/8.1.0/avr5\libgcc.a(_clear_bss.o)
                0x0000000000000252                __do_clear_bss
 *(.init4)
 *(.init5)
 *(.init5)
 *(.init6)
 *(.init6)
 *(.init7)
 *(.init7)
 *(.init8)
 *(.init8)
 *(.init9)
 .init9         0x0000000000000262        0x8 e:/programme/avr-gcc/bin/../lib/gcc/avr/8.1.0/../../../../avr/lib/avr5/crtatmega328p.o
 *(.init9)
 *(.text)
 .text          0x000000000000026a        0x4 e:/programme/avr-gcc/bin/../lib/gcc/avr/8.1.0/../../../../avr/lib/avr5/crtatmega328p.o
                0x000000000000026a                __vector_22
                0x000000000000026a                __vector_1
                0x000000000000026a                __vector_24
                0x000000000000026a                __vector_12
                0x000000000000026a                __bad_interrupt
                0x000000000000026a                __vector_6
                0x000000000000026a                __vector_3
                0x000000000000026a                __vector_23
                0x000000000000026a                __vector_25
                0x000000000000026a                __vector_11
                0x000000000000026a                __vector_13
                0x000000000000026a                __vector_17
                0x000000000000026a                __vector_7
                0x000000000000026a                __vector_5
                0x000000000000026a                __vector_4
                0x000000000000026a                __vector_9
                0x000000000000026a                __vector_2
                0x000000000000026a                __vector_15
                0x000000000000026a                __vector_8
                0x000000000000026a                __vector_14
                0x000000000000026a                __vector_10
                0x000000000000026a                __vector_16
                0x000000000000026a                __vector_20
 .text          0x000000000000026e      0x1dc main.o
                0x000000000000026e                __vector_18
                0x00000000000002c0                __vector_19
                0x000000000000030a                _Z9uart_initj
                0x000000000000033c                _Z9uart_getcv
                0x000000000000037a                _Z9uart_putch
                0x00000000000003a4                _Z9uart_putsPKc
                0x00000000000003bc                _Z11uart_puts_pPKc
                0x00000000000003d8                _Z7initADCv
                0x00000000000003fc                _Z11getAdcValuev
                0x0000000000000410                __vector_21
 .text          0x000000000000044a        0x0 e:/programme/avr-gcc/bin/../lib/gcc/avr/8.1.0/avr5\libgcc.a(_exit.o)
 .text          0x000000000000044a        0x0 e:/programme/avr-gcc/bin/../lib/gcc/avr/8.1.0/avr5\libgcc.a(_copy_data.o)
 .text          0x000000000000044a        0x0 e:/programme/avr-gcc/bin/../lib/gcc/avr/8.1.0/avr5\libgcc.a(_clear_bss.o)
 .text          0x000000000000044a        0x0 e:/programme/avr-gcc/bin/../lib/gcc/avr/8.1.0/../../../../avr/lib/avr5\libc.a(itoa_ncheck.o)
 .text          0x000000000000044a        0x0 e:/programme/avr-gcc/bin/../lib/gcc/avr/8.1.0/../../../../avr/lib/avr5\libc.a(utoa_ncheck.o)
 .text          0x000000000000044a        0x0 e:/programme/avr-gcc/bin/../lib/gcc/avr/8.1.0/../../../../avr/lib/avr5\libc.a(strrev.o)
                0x000000000000044a                . = ALIGN (0x2)
 *(.text.*)
 .text._ZN5BMCPP3Hal3PinINS0_4PortINS_3AVR1BENS3_9ATMega328EEELh2EE2onEv
                0x000000000000044a        0x4 main.o
                0x000000000000044a                _ZN5BMCPP3Hal3PinINS0_4PortINS_3AVR1BENS3_9ATMega328EEELh2EE2onEv
 .text._ZN5BMCPP3Hal3SPIILh0ENS0_11clkRateDiv4ENS0_4PortENS0_3PinELb1ENS_3AVR9ATMega328EE9spi0_initEv
                0x000000000000044e       0x1e main.o
                0x000000000000044e                _ZN5BMCPP3Hal3SPIILh0ENS0_11clkRateDiv4ENS0_4PortENS0_3PinELb1ENS_3AVR9ATMega328EE9spi0_initEv
 .text._ZN5BMCPP3Hal8PCD_8544ILh0ENS0_3PinINS0_4PortINS_3AVR1BENS4_9ATMega328EEELh2EEENS2_IS7_Lh1EEENS2_IS7_Lh0EEENS0_3SPIES3_S2_S6_E7setYPtrEv
                0x000000000000046c       0x16 main.o
                0x000000000000046c                _ZN5BMCPP3Hal8PCD_8544ILh0ENS0_3PinINS0_4PortINS_3AVR1BENS4_9ATMega328EEELh2EEENS2_IS7_Lh1EEENS2_IS7_Lh0EEENS0_3SPIES3_S2_S6_E7setYPtrEv
 .text._ZN5BMCPP3Hal3SPIILh0ENS0_11clkRateDiv4ENS0_4PortENS0_3PinELb1ENS_3AVR9ATMega328EE15readWriteSingleEh
                0x0000000000000482        0xc main.o
                0x0000000000000482                _ZN5BMCPP3Hal3SPIILh0ENS0_11clkRateDiv4ENS0_4PortENS0_3PinELb1ENS_3AVR9ATMega328EE15readWriteSingleEh
 .text._ZN5BMCPP3Hal8PCD_8544ILh0ENS0_3PinINS0_4PortINS_3AVR1BENS4_9ATMega328EEELh2EEENS2_IS7_Lh1EEENS2_IS7_Lh0EEENS0_3SPIES3_S2_S6_E4sendEcb
                0x000000000000048e       0x14 main.o
                0x000000000000048e                _ZN5BMCPP3Hal8PCD_8544ILh0ENS0_3PinINS0_4PortINS_3AVR1BENS4_9ATMega328EEELh2EEENS2_IS7_Lh1EEENS2_IS7_Lh0EEENS0_3SPIES3_S2_S6_E4sendEcb
 .text._ZN5BMCPP3Hal8PCD_8544ILh0ENS0_3PinINS0_4PortINS_3AVR1BENS4_9ATMega328EEELh2EEENS2_IS7_Lh1EEENS2_IS7_Lh0EEENS0_3SPIES3_S2_S6_E5clearEv
                0x00000000000004a2       0x1a main.o
                0x00000000000004a2                _ZN5BMCPP3Hal8PCD_8544ILh0ENS0_3PinINS0_4PortINS_3AVR1BENS4_9ATMega328EEELh2EEENS2_IS7_Lh1EEENS2_IS7_Lh0EEENS0_3SPIES3_S2_S6_E5clearEv
 .text._ZN5BMCPP3Hal8PCD_8544ILh0ENS0_3PinINS0_4PortINS_3AVR1BENS4_9ATMega328EEELh2EEENS2_IS7_Lh1EEENS2_IS7_Lh0EEENS0_3SPIES3_S2_S6_E4initEv
                0x00000000000004bc       0x5c main.o
                0x00000000000004bc                _ZN5BMCPP3Hal8PCD_8544ILh0ENS0_3PinINS0_4PortINS_3AVR1BENS4_9ATMega328EEELh2EEENS2_IS7_Lh1EEENS2_IS7_Lh0EEENS0_3SPIES3_S2_S6_E4initEv
 .text._ZN5BMCPP3Hal8PCD_8544ILh0ENS0_3PinINS0_4PortINS_3AVR1BENS4_9ATMega328EEELh2EEENS2_IS7_Lh1EEENS2_IS7_Lh0EEENS0_3SPIES3_S2_S6_E9printCharEh
                0x0000000000000518       0x70 main.o
                0x0000000000000518                _ZN5BMCPP3Hal8PCD_8544ILh0ENS0_3PinINS0_4PortINS_3AVR1BENS4_9ATMega328EEELh2EEENS2_IS7_Lh1EEENS2_IS7_Lh0EEENS0_3SPIES3_S2_S6_E9printCharEh
 .text._ZN5BMCPP3Hal8PCD_8544ILh0ENS0_3PinINS0_4PortINS_3AVR1BENS4_9ATMega328EEELh2EEENS2_IS7_Lh1EEENS2_IS7_Lh0EEENS0_3SPIES3_S2_S6_E8printStrEPKc
                0x0000000000000588       0x18 main.o
                0x0000000000000588                _ZN5BMCPP3Hal8PCD_8544ILh0ENS0_3PinINS0_4PortINS_3AVR1BENS4_9ATMega328EEELh2EEENS2_IS7_Lh1EEENS2_IS7_Lh0EEENS0_3SPIES3_S2_S6_E8printStrEPKc
 .text.startup  0x00000000000005a0       0xa8 main.o
                0x00000000000005a0                main
 .text.libgcc.mul
                0x0000000000000648        0x0 e:/programme/avr-gcc/bin/../lib/gcc/avr/8.1.0/avr5\libgcc.a(_exit.o)
 .text.libgcc.div
                0x0000000000000648        0x0 e:/programme/avr-gcc/bin/../lib/gcc/avr/8.1.0/avr5\libgcc.a(_exit.o)
 .text.libgcc   0x0000000000000648        0x0 e:/programme/avr-gcc/bin/../lib/gcc/avr/8.1.0/avr5\libgcc.a(_exit.o)
 .text.libgcc.prologue
                0x0000000000000648        0x0 e:/programme/avr-gcc/bin/../lib/gcc/avr/8.1.0/avr5\libgcc.a(_exit.o)
 .text.libgcc.builtins
                0x0000000000000648        0x0 e:/programme/avr-gcc/bin/../lib/gcc/avr/8.1.0/avr5\libgcc.a(_exit.o)
 .text.libgcc.fmul
                0x0000000000000648        0x0 e:/programme/avr-gcc/bin/../lib/gcc/avr/8.1.0/avr5\libgcc.a(_exit.o)
 .text.libgcc.fixed
                0x0000000000000648        0x0 e:/programme/avr-gcc/bin/../lib/gcc/avr/8.1.0/avr5\libgcc.a(_exit.o)
 .text.libgcc.mul
                0x0000000000000648        0x0 e:/programme/avr-gcc/bin/../lib/gcc/avr/8.1.0/avr5\libgcc.a(_copy_data.o)
 .text.libgcc.div
                0x0000000000000648        0x0 e:/programme/avr-gcc/bin/../lib/gcc/avr/8.1.0/avr5\libgcc.a(_copy_data.o)
 .text.libgcc   0x0000000000000648        0x0 e:/programme/avr-gcc/bin/../lib/gcc/avr/8.1.0/avr5\libgcc.a(_copy_data.o)
 .text.libgcc.prologue
                0x0000000000000648        0x0 e:/programme/avr-gcc/bin/../lib/gcc/avr/8.1.0/avr5\libgcc.a(_copy_data.o)
 .text.libgcc.builtins
                0x0000000000000648        0x0 e:/programme/avr-gcc/bin/../lib/gcc/avr/8.1.0/avr5\libgcc.a(_copy_data.o)
 .text.libgcc.fmul
                0x0000000000000648        0x0 e:/programme/avr-gcc/bin/../lib/gcc/avr/8.1.0/avr5\libgcc.a(_copy_data.o)
 .text.libgcc.fixed
                0x0000000000000648        0x0 e:/programme/avr-gcc/bin/../lib/gcc/avr/8.1.0/avr5\libgcc.a(_copy_data.o)
 .text.libgcc.mul
                0x0000000000000648        0x0 e:/programme/avr-gcc/bin/../lib/gcc/avr/8.1.0/avr5\libgcc.a(_clear_bss.o)
 .text.libgcc.div
                0x0000000000000648        0x0 e:/programme/avr-gcc/bin/../lib/gcc/avr/8.1.0/avr5\libgcc.a(_clear_bss.o)
 .text.libgcc   0x0000000000000648        0x0 e:/programme/avr-gcc/bin/../lib/gcc/avr/8.1.0/avr5\libgcc.a(_clear_bss.o)
 .text.libgcc.prologue
                0x0000000000000648        0x0 e:/programme/avr-gcc/bin/../lib/gcc/avr/8.1.0/avr5\libgcc.a(_clear_bss.o)
 .text.libgcc.builtins
                0x0000000000000648        0x0 e:/programme/avr-gcc/bin/../lib/gcc/avr/8.1.0/avr5\libgcc.a(_clear_bss.o)
 .text.libgcc.fmul
                0x0000000000000648        0x0 e:/programme/avr-gcc/bin/../lib/gcc/avr/8.1.0/avr5\libgcc.a(_clear_bss.o)
 .text.libgcc.fixed
                0x0000000000000648        0x0 e:/programme/avr-gcc/bin/../lib/gcc/avr/8.1.0/avr5\libgcc.a(_clear_bss.o)
 .text.avr-libc
                0x0000000000000648       0x16 e:/programme/avr-gcc/bin/../lib/gcc/avr/8.1.0/../../../../avr/lib/avr5\libc.a(itoa_ncheck.o)
                0x0000000000000648                __itoa_ncheck
 .text.avr-libc
                0x000000000000065e       0x34 e:/programme/avr-gcc/bin/../lib/gcc/avr/8.1.0/../../../../avr/lib/avr5\libc.a(utoa_ncheck.o)
                0x000000000000065e                __utoa_ncheck
                0x0000000000000660                __utoa_common
 .text.avr-libc
                0x0000000000000692       0x20 e:/programme/avr-gcc/bin/../lib/gcc/avr/8.1.0/../../../../avr/lib/avr5\libc.a(strrev.o)
                0x0000000000000692                strrev
                0x00000000000006b2                . = ALIGN (0x2)
 *(.fini9)
 .fini9         0x00000000000006b2        0x0 e:/programme/avr-gcc/bin/../lib/gcc/avr/8.1.0/avr5\libgcc.a(_exit.o)
                0x00000000000006b2                _exit
                0x00000000000006b2                exit
 *(.fini9)
 *(.fini8)
 *(.fini8)
 *(.fini7)
 *(.fini7)
 *(.fini6)
 *(.fini6)
 *(.fini5)
 *(.fini5)
 *(.fini4)
 *(.fini4)
 *(.fini3)
 *(.fini3)
 *(.fini2)
 *(.fini2)
 *(.fini1)
 *(.fini1)
 *(.fini0)
 .fini0         0x00000000000006b2        0x4 e:/programme/avr-gcc/bin/../lib/gcc/avr/8.1.0/avr5\libgcc.a(_exit.o)
 *(.fini0)
 *(.hightext)
 *(.hightext*)
 *(.progmemx.*)
                0x00000000000006b6                . = ALIGN (0x2)
 *(.jumptables)
 *(.jumptables*)
                0x00000000000006b6                _etext = .

.data           0x0000000000800100       0x18 load address 0x00000000000006b6
                0x0000000000800100                PROVIDE (__data_start = .)
 *(.data)
 .data          0x0000000000800100        0x0 e:/programme/avr-gcc/bin/../lib/gcc/avr/8.1.0/../../../../avr/lib/avr5/crtatmega328p.o
 .data          0x0000000000800100        0x0 main.o
 .data          0x0000000000800100        0x0 e:/programme/avr-gcc/bin/../lib/gcc/avr/8.1.0/avr5\libgcc.a(_exit.o)
 .data          0x0000000000800100        0x0 e:/programme/avr-gcc/bin/../lib/gcc/avr/8.1.0/avr5\libgcc.a(_copy_data.o)
 .data          0x0000000000800100        0x0 e:/programme/avr-gcc/bin/../lib/gcc/avr/8.1.0/avr5\libgcc.a(_clear_bss.o)
 .data          0x0000000000800100        0x0 e:/programme/avr-gcc/bin/../lib/gcc/avr/8.1.0/../../../../avr/lib/avr5\libc.a(itoa_ncheck.o)
 .data          0x0000000000800100        0x0 e:/programme/avr-gcc/bin/../lib/gcc/avr/8.1.0/../../../../avr/lib/avr5\libc.a(utoa_ncheck.o)
 .data          0x0000000000800100        0x0 e:/programme/avr-gcc/bin/../lib/gcc/avr/8.1.0/../../../../avr/lib/avr5\libc.a(strrev.o)
 *(.data*)
 *(.gnu.linkonce.d*)
 *(.rodata)
 *(.rodata*)
 .rodata.str1.1
                0x0000000000800100       0x18 main.o
 *(.gnu.linkonce.r*)
                0x0000000000800118                . = ALIGN (0x2)
                0x0000000000800118                _edata = .
                0x0000000000800118                PROVIDE (__data_end = .)

.bss            0x0000000000800118       0x5d
                0x0000000000800118                PROVIDE (__bss_start = .)
 *(.bss)
 .bss           0x0000000000800118        0x0 e:/programme/avr-gcc/bin/../lib/gcc/avr/8.1.0/../../../../avr/lib/avr5/crtatmega328p.o
 .bss           0x0000000000800118       0x4d main.o
                0x0000000000800118                channel_sel
                0x0000000000800119                currentChannel
                0x000000000080011a                adc_result
 .bss           0x0000000000800165        0x0 e:/programme/avr-gcc/bin/../lib/gcc/avr/8.1.0/avr5\libgcc.a(_exit.o)
 .bss           0x0000000000800165        0x0 e:/programme/avr-gcc/bin/../lib/gcc/avr/8.1.0/avr5\libgcc.a(_copy_data.o)
 .bss           0x0000000000800165        0x0 e:/programme/avr-gcc/bin/../lib/gcc/avr/8.1.0/avr5\libgcc.a(_clear_bss.o)
 .bss           0x0000000000800165        0x0 e:/programme/avr-gcc/bin/../lib/gcc/avr/8.1.0/../../../../avr/lib/avr5\libc.a(itoa_ncheck.o)
 .bss           0x0000000000800165        0x0 e:/programme/avr-gcc/bin/../lib/gcc/avr/8.1.0/../../../../avr/lib/avr5\libc.a(utoa_ncheck.o)
 .bss           0x0000000000800165        0x0 e:/programme/avr-gcc/bin/../lib/gcc/avr/8.1.0/../../../../avr/lib/avr5\libc.a(strrev.o)
 *(.bss*)
 .bss._ZN5BMCPP3Hal11ADConverterINS0_12Hardware_AdcILh0ENS_3AVR9ATMega328EEEE10adc_resultE
                0x0000000000800165       0x10 main.o
                0x0000000000800165                _ZN5BMCPP3Hal11ADConverterINS0_12Hardware_AdcILh0ENS_3AVR9ATMega328EEEE10adc_resultE
 *(COMMON)
                0x0000000000800175                PROVIDE (__bss_end = .)
                0x00000000000006b6                __data_load_start = LOADADDR (.data)
                0x00000000000006ce                __data_load_end = (__data_load_start + SIZEOF (.data))

.noinit         0x0000000000800175        0x0
                [!provide]                        PROVIDE (__noinit_start = .)
 *(.noinit*)
                [!provide]                        PROVIDE (__noinit_end = .)
                0x0000000000800175                _end = .
                [!provide]                        PROVIDE (__heap_start = .)

.eeprom         0x0000000000810000        0x0
 *(.eeprom*)
                0x0000000000810000                __eeprom_end = .

.fuse
 *(.fuse)
 *(.lfuse)
 *(.hfuse)
 *(.efuse)

.lock
 *(.lock*)

.signature
 *(.signature*)

.stab
 *(.stab)

.stabstr
 *(.stabstr)

.stab.excl
 *(.stab.excl)

.stab.exclstr
 *(.stab.exclstr)

.stab.index
 *(.stab.index)

.stab.indexstr
 *(.stab.indexstr)

.comment        0x0000000000000000       0x11
 *(.comment)
 .comment       0x0000000000000000       0x11 main.o
                                         0x12 (size before relaxing)

.note.gnu.avr.deviceinfo
                0x0000000000000000       0x40
 .note.gnu.avr.deviceinfo
                0x0000000000000000       0x40 e:/programme/avr-gcc/bin/../lib/gcc/avr/8.1.0/../../../../avr/lib/avr5/crtatmega328p.o

.note.gnu.build-id
 *(.note.gnu.build-id)

.debug
 *(.debug)

.line
 *(.line)

.debug_srcinfo
 *(.debug_srcinfo)

.debug_sfnames
 *(.debug_sfnames)

.debug_aranges  0x0000000000000000       0x60
 *(.debug_aranges)
 .debug_aranges
                0x0000000000000000       0x20 e:/programme/avr-gcc/bin/../lib/gcc/avr/8.1.0/avr5\libgcc.a(_exit.o)
 .debug_aranges
                0x0000000000000020       0x20 e:/programme/avr-gcc/bin/../lib/gcc/avr/8.1.0/avr5\libgcc.a(_copy_data.o)
 .debug_aranges
                0x0000000000000040       0x20 e:/programme/avr-gcc/bin/../lib/gcc/avr/8.1.0/avr5\libgcc.a(_clear_bss.o)

.debug_pubnames
 *(.debug_pubnames)

.debug_info     0x0000000000000000      0x666
 *(.debug_info .gnu.linkonce.wi.*)
 .debug_info    0x0000000000000000      0x5f4 e:/programme/avr-gcc/bin/../lib/gcc/avr/8.1.0/../../../../avr/lib/avr5/crtatmega328p.o
 .debug_info    0x00000000000005f4       0x26 e:/programme/avr-gcc/bin/../lib/gcc/avr/8.1.0/avr5\libgcc.a(_exit.o)
 .debug_info    0x000000000000061a       0x26 e:/programme/avr-gcc/bin/../lib/gcc/avr/8.1.0/avr5\libgcc.a(_copy_data.o)
 .debug_info    0x0000000000000640       0x26 e:/programme/avr-gcc/bin/../lib/gcc/avr/8.1.0/avr5\libgcc.a(_clear_bss.o)

.debug_abbrev   0x0000000000000000      0x5de
 *(.debug_abbrev)
 .debug_abbrev  0x0000000000000000      0x5a2 e:/programme/avr-gcc/bin/../lib/gcc/avr/8.1.0/../../../../avr/lib/avr5/crtatmega328p.o
 .debug_abbrev  0x00000000000005a2       0x14 e:/programme/avr-gcc/bin/../lib/gcc/avr/8.1.0/avr5\libgcc.a(_exit.o)
 .debug_abbrev  0x00000000000005b6       0x14 e:/programme/avr-gcc/bin/../lib/gcc/avr/8.1.0/avr5\libgcc.a(_copy_data.o)
 .debug_abbrev  0x00000000000005ca       0x14 e:/programme/avr-gcc/bin/../lib/gcc/avr/8.1.0/avr5\libgcc.a(_clear_bss.o)

.debug_line     0x0000000000000000      0x19a
 *(.debug_line .debug_line.* .debug_line_end)
 .debug_line    0x0000000000000000       0x1d e:/programme/avr-gcc/bin/../lib/gcc/avr/8.1.0/../../../../avr/lib/avr5/crtatmega328p.o
 .debug_line    0x000000000000001d       0x61 e:/programme/avr-gcc/bin/../lib/gcc/avr/8.1.0/avr5\libgcc.a(_exit.o)
 .debug_line    0x000000000000007e       0x97 e:/programme/avr-gcc/bin/../lib/gcc/avr/8.1.0/avr5\libgcc.a(_copy_data.o)
 .debug_line    0x0000000000000115       0x85 e:/programme/avr-gcc/bin/../lib/gcc/avr/8.1.0/avr5\libgcc.a(_clear_bss.o)

.debug_frame
 *(.debug_frame)

.debug_str      0x0000000000000000      0x266
 *(.debug_str)
 .debug_str     0x0000000000000000      0x208 e:/programme/avr-gcc/bin/../lib/gcc/avr/8.1.0/../../../../avr/lib/avr5/crtatmega328p.o
 .debug_str     0x0000000000000208       0x5e e:/programme/avr-gcc/bin/../lib/gcc/avr/8.1.0/avr5\libgcc.a(_exit.o)
 .debug_str     0x0000000000000266       0x5e e:/programme/avr-gcc/bin/../lib/gcc/avr/8.1.0/avr5\libgcc.a(_copy_data.o)
 .debug_str     0x0000000000000266       0x5e e:/programme/avr-gcc/bin/../lib/gcc/avr/8.1.0/avr5\libgcc.a(_clear_bss.o)

.debug_loc
 *(.debug_loc)

.debug_macinfo
 *(.debug_macinfo)

.debug_weaknames
 *(.debug_weaknames)

.debug_funcnames
 *(.debug_funcnames)

.debug_typenames
 *(.debug_typenames)

.debug_varnames
 *(.debug_varnames)

.debug_pubtypes
 *(.debug_pubtypes)

.debug_ranges
 *(.debug_ranges)

.debug_macro
 *(.debug_macro)

.debug_addr
 *(.debug_addr)
OUTPUT(main.elf elf32-avr)
LOAD linker stubs

.mmcu           0x0000000000910000        0x0

Cross Reference Table

Symbol                                            File
_Z11getAdcValuev                                  main.o
_Z11uart_puts_pPKc                                main.o
_Z7initADCv                                       main.o
_Z9uart_getcv                                     main.o
_Z9uart_initj                                     main.o
_Z9uart_putch                                     main.o
_Z9uart_putsPKc                                   main.o
_ZN5BMCPP3Hal11ADConverterINS0_12Hardware_AdcILh0ENS_3AVR9ATMega328EEEE10adc_resultE main.o
_ZN5BMCPP3Hal3PinINS0_4PortINS_3AVR1BENS3_9ATMega328EEELh2EE2onEv main.o
_ZN5BMCPP3Hal3SPIILh0ENS0_11clkRateDiv4ENS0_4PortENS0_3PinELb1ENS_3AVR9ATMega328EE15readWriteSingleEh main.o
_ZN5BMCPP3Hal3SPIILh0ENS0_11clkRateDiv4ENS0_4PortENS0_3PinELb1ENS_3AVR9ATMega328EE9spi0_initEv main.o
_ZN5BMCPP3Hal8PCD_8544ILh0ENS0_3PinINS0_4PortINS_3AVR1BENS4_9ATMega328EEELh2EEENS2_IS7_Lh1EEENS2_IS7_Lh0EEENS0_3SPIES3_S2_S6_E4initEv main.o
_ZN5BMCPP3Hal8PCD_8544ILh0ENS0_3PinINS0_4PortINS_3AVR1BENS4_9ATMega328EEELh2EEENS2_IS7_Lh1EEENS2_IS7_Lh0EEENS0_3SPIES3_S2_S6_E4sendEcb main.o
_ZN5BMCPP3Hal8PCD_8544ILh0ENS0_3PinINS0_4PortINS_3AVR1BENS4_9ATMega328EEELh2EEENS2_IS7_Lh1EEENS2_IS7_Lh0EEENS0_3SPIES3_S2_S6_E5clearEv main.o
_ZN5BMCPP3Hal8PCD_8544ILh0ENS0_3PinINS0_4PortINS_3AVR1BENS4_9ATMega328EEELh2EEENS2_IS7_Lh1EEENS2_IS7_Lh0EEENS0_3SPIES3_S2_S6_E7setYPtrEv main.o
_ZN5BMCPP3Hal8PCD_8544ILh0ENS0_3PinINS0_4PortINS_3AVR1BENS4_9ATMega328EEELh2EEENS2_IS7_Lh1EEENS2_IS7_Lh0EEENS0_3SPIES3_S2_S6_E8printStrEPKc main.o
_ZN5BMCPP3Hal8PCD_8544ILh0ENS0_3PinINS0_4PortINS_3AVR1BENS4_9ATMega328EEELh2EEENS2_IS7_Lh1EEENS2_IS7_Lh0EEENS0_3SPIES3_S2_S6_E9printCharEh main.o
__bad_interrupt                                   e:/programme/avr-gcc/bin/../lib/gcc/avr/8.1.0/../../../../avr/lib/avr5/crtatmega328p.o
__bss_end                                         e:/programme/avr-gcc/bin/../lib/gcc/avr/8.1.0/avr5\libgcc.a(_clear_bss.o)
__bss_start                                       e:/programme/avr-gcc/bin/../lib/gcc/avr/8.1.0/avr5\libgcc.a(_clear_bss.o)
__data_end                                        e:/programme/avr-gcc/bin/../lib/gcc/avr/8.1.0/avr5\libgcc.a(_copy_data.o)
__data_load_start                                 e:/programme/avr-gcc/bin/../lib/gcc/avr/8.1.0/avr5\libgcc.a(_copy_data.o)
__data_start                                      e:/programme/avr-gcc/bin/../lib/gcc/avr/8.1.0/avr5\libgcc.a(_copy_data.o)
__do_clear_bss                                    e:/programme/avr-gcc/bin/../lib/gcc/avr/8.1.0/avr5\libgcc.a(_clear_bss.o)
                                                  main.o
__do_copy_data                                    e:/programme/avr-gcc/bin/../lib/gcc/avr/8.1.0/avr5\libgcc.a(_copy_data.o)
                                                  main.o
__heap_end                                        e:/programme/avr-gcc/bin/../lib/gcc/avr/8.1.0/../../../../avr/lib/avr5/crtatmega328p.o
__init                                            e:/programme/avr-gcc/bin/../lib/gcc/avr/8.1.0/../../../../avr/lib/avr5/crtatmega328p.o
__itoa_ncheck                                     e:/programme/avr-gcc/bin/../lib/gcc/avr/8.1.0/../../../../avr/lib/avr5\libc.a(itoa_ncheck.o)
                                                  main.o
__stack                                           e:/programme/avr-gcc/bin/../lib/gcc/avr/8.1.0/../../../../avr/lib/avr5/crtatmega328p.o
__utoa_common                                     e:/programme/avr-gcc/bin/../lib/gcc/avr/8.1.0/../../../../avr/lib/avr5\libc.a(utoa_ncheck.o)
                                                  e:/programme/avr-gcc/bin/../lib/gcc/avr/8.1.0/../../../../avr/lib/avr5\libc.a(itoa_ncheck.o)
__utoa_ncheck                                     e:/programme/avr-gcc/bin/../lib/gcc/avr/8.1.0/../../../../avr/lib/avr5\libc.a(utoa_ncheck.o)
__vector_1                                        e:/programme/avr-gcc/bin/../lib/gcc/avr/8.1.0/../../../../avr/lib/avr5/crtatmega328p.o
__vector_10                                       e:/programme/avr-gcc/bin/../lib/gcc/avr/8.1.0/../../../../avr/lib/avr5/crtatmega328p.o
__vector_11                                       e:/programme/avr-gcc/bin/../lib/gcc/avr/8.1.0/../../../../avr/lib/avr5/crtatmega328p.o
__vector_12                                       e:/programme/avr-gcc/bin/../lib/gcc/avr/8.1.0/../../../../avr/lib/avr5/crtatmega328p.o
__vector_13                                       e:/programme/avr-gcc/bin/../lib/gcc/avr/8.1.0/../../../../avr/lib/avr5/crtatmega328p.o
__vector_14                                       e:/programme/avr-gcc/bin/../lib/gcc/avr/8.1.0/../../../../avr/lib/avr5/crtatmega328p.o
__vector_15                                       e:/programme/avr-gcc/bin/../lib/gcc/avr/8.1.0/../../../../avr/lib/avr5/crtatmega328p.o
__vector_16                                       e:/programme/avr-gcc/bin/../lib/gcc/avr/8.1.0/../../../../avr/lib/avr5/crtatmega328p.o
__vector_17                                       e:/programme/avr-gcc/bin/../lib/gcc/avr/8.1.0/../../../../avr/lib/avr5/crtatmega328p.o
__vector_18                                       main.o
                                                  e:/programme/avr-gcc/bin/../lib/gcc/avr/8.1.0/../../../../avr/lib/avr5/crtatmega328p.o
__vector_19                                       main.o
                                                  e:/programme/avr-gcc/bin/../lib/gcc/avr/8.1.0/../../../../avr/lib/avr5/crtatmega328p.o
__vector_2                                        e:/programme/avr-gcc/bin/../lib/gcc/avr/8.1.0/../../../../avr/lib/avr5/crtatmega328p.o
__vector_20                                       e:/programme/avr-gcc/bin/../lib/gcc/avr/8.1.0/../../../../avr/lib/avr5/crtatmega328p.o
__vector_21                                       main.o
                                                  e:/programme/avr-gcc/bin/../lib/gcc/avr/8.1.0/../../../../avr/lib/avr5/crtatmega328p.o
__vector_22                                       e:/programme/avr-gcc/bin/../lib/gcc/avr/8.1.0/../../../../avr/lib/avr5/crtatmega328p.o
__vector_23                                       e:/programme/avr-gcc/bin/../lib/gcc/avr/8.1.0/../../../../avr/lib/avr5/crtatmega328p.o
__vector_24                                       e:/programme/avr-gcc/bin/../lib/gcc/avr/8.1.0/../../../../avr/lib/avr5/crtatmega328p.o
__vector_25                                       e:/programme/avr-gcc/bin/../lib/gcc/avr/8.1.0/../../../../avr/lib/avr5/crtatmega328p.o
__vector_3                                        e:/programme/avr-gcc/bin/../lib/gcc/avr/8.1.0/../../../../avr/lib/avr5/crtatmega328p.o
__vector_4                                        e:/programme/avr-gcc/bin/../lib/gcc/avr/8.1.0/../../../../avr/lib/avr5/crtatmega328p.o
__vector_5                                        e:/programme/avr-gcc/bin/../lib/gcc/avr/8.1.0/../../../../avr/lib/avr5/crtatmega328p.o
__vector_6                                        e:/programme/avr-gcc/bin/../lib/gcc/avr/8.1.0/../../../../avr/lib/avr5/crtatmega328p.o
__vector_7                                        e:/programme/avr-gcc/bin/../lib/gcc/avr/8.1.0/../../../../avr/lib/avr5/crtatmega328p.o
__vector_8                                        e:/programme/avr-gcc/bin/../lib/gcc/avr/8.1.0/../../../../avr/lib/avr5/crtatmega328p.o
__vector_9                                        e:/programme/avr-gcc/bin/../lib/gcc/avr/8.1.0/../../../../avr/lib/avr5/crtatmega328p.o
__vector_default                                  e:/programme/avr-gcc/bin/../lib/gcc/avr/8.1.0/../../../../avr/lib/avr5/crtatmega328p.o
__vectors                                         e:/programme/avr-gcc/bin/../lib/gcc/avr/8.1.0/../../../../avr/lib/avr5/crtatmega328p.o
_exit                                             e:/programme/avr-gcc/bin/../lib/gcc/avr/8.1.0/avr5\libgcc.a(_exit.o)
adc_result                                        main.o
channel_sel                                       main.o
currentChannel                                    main.o
exit                                              e:/programme/avr-gcc/bin/../lib/gcc/avr/8.1.0/avr5\libgcc.a(_exit.o)
                                                  e:/programme/avr-gcc/bin/../lib/gcc/avr/8.1.0/../../../../avr/lib/avr5/crtatmega328p.o
main                                              main.o
                                                  e:/programme/avr-gcc/bin/../lib/gcc/avr/8.1.0/../../../../avr/lib/avr5/crtatmega328p.o
strrev                                            e:/programme/avr-gcc/bin/../lib/gcc/avr/8.1.0/../../../../avr/lib/avr5\libc.a(strrev.o)
                                                  e:/programme/avr-gcc/bin/../lib/gcc/avr/8.1.0/../../../../avr/lib/avr5\libc.a(utoa_ncheck.o)
