Archive member included to satisfy reference by file (symbol)

e:/programme/avr-gcc/bin/../lib/gcc/avr/8.1.0/avr5\libgcc.a(_exit.o)
                              e:/programme/avr-gcc/bin/../lib/gcc/avr/8.1.0/../../../../avr/lib/avr5/crtatmega328p.o (exit)
e:/programme/avr-gcc/bin/../lib/gcc/avr/8.1.0/avr5\libgcc.a(_clear_bss.o)
                              main.o (__do_clear_bss)

Discarded input sections

 .group         0x0000000000000000        0xc main.o
 .group         0x0000000000000000        0xc main.o
 .group         0x0000000000000000        0xc main.o

Memory Configuration

Name             Origin             Length             Attributes
text             0x0000000000000000 0x0000000000020000 xr
data             0x0000000000800060 0x000000000000ffa0 rw !x
eeprom           0x0000000000810000 0x0000000000010000 rw !x
fuse             0x0000000000820000 0x0000000000000400 rw !x
lock             0x0000000000830000 0x0000000000000400 rw !x
signature        0x0000000000840000 0x0000000000000400 rw !x
user_signatures  0x0000000000850000 0x0000000000000400 rw !x
*default*        0x0000000000000000 0xffffffffffffffff

Linker script and memory map

Address of section .data set to 0x800100
LOAD e:/programme/avr-gcc/bin/../lib/gcc/avr/8.1.0/../../../../avr/lib/avr5/crtatmega328p.o
Address of section .mmcu set to 0x910000
LOAD main.o
START GROUP
LOAD e:/programme/avr-gcc/bin/../lib/gcc/avr/8.1.0/avr5\libgcc.a
LOAD e:/programme/avr-gcc/bin/../lib/gcc/avr/8.1.0/../../../../avr/lib/avr5\libm.a
LOAD e:/programme/avr-gcc/bin/../lib/gcc/avr/8.1.0/../../../../avr/lib/avr5\libc.a
LOAD e:/programme/avr-gcc/bin/../lib/gcc/avr/8.1.0/../../../../avr/lib/avr5\libatmega328p.a
END GROUP
                0x0000000000020000                __TEXT_REGION_LENGTH__ = DEFINED (__TEXT_REGION_LENGTH__)?__TEXT_REGION_LENGTH__:0x20000
                0x000000000000ffa0                __DATA_REGION_LENGTH__ = DEFINED (__DATA_REGION_LENGTH__)?__DATA_REGION_LENGTH__:0xffa0
                0x0000000000010000                __EEPROM_REGION_LENGTH__ = DEFINED (__EEPROM_REGION_LENGTH__)?__EEPROM_REGION_LENGTH__:0x10000
                0x0000000000000400                __FUSE_REGION_LENGTH__ = DEFINED (__FUSE_REGION_LENGTH__)?__FUSE_REGION_LENGTH__:0x400
                0x0000000000000400                __LOCK_REGION_LENGTH__ = DEFINED (__LOCK_REGION_LENGTH__)?__LOCK_REGION_LENGTH__:0x400
                0x0000000000000400                __SIGNATURE_REGION_LENGTH__ = DEFINED (__SIGNATURE_REGION_LENGTH__)?__SIGNATURE_REGION_LENGTH__:0x400
                0x0000000000000400                __USER_SIGNATURE_REGION_LENGTH__ = DEFINED (__USER_SIGNATURE_REGION_LENGTH__)?__USER_SIGNATURE_REGION_LENGTH__:0x400

.hash
 *(.hash)

.dynsym
 *(.dynsym)

.dynstr
 *(.dynstr)

.gnu.version
 *(.gnu.version)

.gnu.version_d
 *(.gnu.version_d)

.gnu.version_r
 *(.gnu.version_r)

.rel.init
 *(.rel.init)

.rela.init
 *(.rela.init)

.rel.text
 *(.rel.text)
 *(.rel.text.*)
 *(.rel.gnu.linkonce.t*)

.rela.text
 *(.rela.text)
 *(.rela.text.*)
 *(.rela.gnu.linkonce.t*)

.rel.fini
 *(.rel.fini)

.rela.fini
 *(.rela.fini)

.rel.rodata
 *(.rel.rodata)
 *(.rel.rodata.*)
 *(.rel.gnu.linkonce.r*)

.rela.rodata
 *(.rela.rodata)
 *(.rela.rodata.*)
 *(.rela.gnu.linkonce.r*)

.rel.data
 *(.rel.data)
 *(.rel.data.*)
 *(.rel.gnu.linkonce.d*)

.rela.data
 *(.rela.data)
 *(.rela.data.*)
 *(.rela.gnu.linkonce.d*)

.rel.ctors
 *(.rel.ctors)

.rela.ctors
 *(.rela.ctors)

.rel.dtors
 *(.rel.dtors)

.rela.dtors
 *(.rela.dtors)

.rel.got
 *(.rel.got)

.rela.got
 *(.rela.got)

.rel.bss
 *(.rel.bss)

.rela.bss
 *(.rela.bss)

.rel.plt
 *(.rel.plt)

.rela.plt
 *(.rela.plt)

.text           0x0000000000000000      0x432
 *(.vectors)
 .vectors       0x0000000000000000       0x68 e:/programme/avr-gcc/bin/../lib/gcc/avr/8.1.0/../../../../avr/lib/avr5/crtatmega328p.o
                0x0000000000000000                __vector_default
                0x0000000000000000                __vectors
 *(.vectors)
 *(.progmem.gcc*)
                0x0000000000000068                . = ALIGN (0x2)
                0x0000000000000068                __trampolines_start = .
 *(.trampolines)
 .trampolines   0x0000000000000068        0x0 linker stubs
 *(.trampolines*)
                0x0000000000000068                __trampolines_end = .
 *libprintf_flt.a:*(.progmem.data)
 *libc.a:*(.progmem.data)
 *(.progmem.*)
                0x0000000000000068                . = ALIGN (0x2)
 *(.lowtext)
 *(.lowtext*)
                0x0000000000000068                __ctors_start = .
 *(.ctors)
                0x0000000000000068                __ctors_end = .
                0x0000000000000068                __dtors_start = .
 *(.dtors)
                0x0000000000000068                __dtors_end = .
 SORT_BY_NAME(*)(.ctors)
 SORT_BY_NAME(*)(.dtors)
 *(.init0)
 .init0         0x0000000000000068        0x0 e:/programme/avr-gcc/bin/../lib/gcc/avr/8.1.0/../../../../avr/lib/avr5/crtatmega328p.o
                0x0000000000000068                __init
 *(.init0)
 *(.init1)
 *(.init1)
 *(.init2)
 .init2         0x0000000000000068        0xc e:/programme/avr-gcc/bin/../lib/gcc/avr/8.1.0/../../../../avr/lib/avr5/crtatmega328p.o
 *(.init2)
 *(.init3)
 *(.init3)
 *(.init4)
 .init4         0x0000000000000074       0x10 e:/programme/avr-gcc/bin/../lib/gcc/avr/8.1.0/avr5\libgcc.a(_clear_bss.o)
                0x0000000000000074                __do_clear_bss
 *(.init4)
 *(.init5)
 *(.init5)
 *(.init6)
 *(.init6)
 *(.init7)
 *(.init7)
 *(.init8)
 *(.init8)
 *(.init9)
 .init9         0x0000000000000084        0x8 e:/programme/avr-gcc/bin/../lib/gcc/avr/8.1.0/../../../../avr/lib/avr5/crtatmega328p.o
 *(.init9)
 *(.text)
 .text          0x000000000000008c        0x4 e:/programme/avr-gcc/bin/../lib/gcc/avr/8.1.0/../../../../avr/lib/avr5/crtatmega328p.o
                0x000000000000008c                __vector_22
                0x000000000000008c                __vector_1
                0x000000000000008c                __vector_24
                0x000000000000008c                __vector_12
                0x000000000000008c                __bad_interrupt
                0x000000000000008c                __vector_6
                0x000000000000008c                __vector_3
                0x000000000000008c                __vector_23
                0x000000000000008c                __vector_25
                0x000000000000008c                __vector_11
                0x000000000000008c                __vector_13
                0x000000000000008c                __vector_17
                0x000000000000008c                __vector_7
                0x000000000000008c                __vector_5
                0x000000000000008c                __vector_4
                0x000000000000008c                __vector_9
                0x000000000000008c                __vector_2
                0x000000000000008c                __vector_15
                0x000000000000008c                __vector_8
                0x000000000000008c                __vector_14
                0x000000000000008c                __vector_10
                0x000000000000008c                __vector_16
                0x000000000000008c                __vector_20
 .text          0x0000000000000090      0x1ca main.o
                0x0000000000000090                _ZN3spi9spi0_initEv
                0x00000000000000a6                _ZN3spi17spi_transfer_syncEPhS0_h
                0x00000000000000c8                _ZN3spi17spi_transmit_syncEPhh
                0x00000000000000e2                _ZN3spi14spi_fast_shiftEh
                0x00000000000000ee                __vector_18
                0x0000000000000140                __vector_19
                0x000000000000018a                _Z9uart_initj
                0x00000000000001bc                _Z9uart_getcv
                0x00000000000001fa                _Z9uart_putch
                0x0000000000000224                _Z9uart_putsPKc
                0x000000000000023c                _Z11uart_puts_pPKc
                0x0000000000000258                __vector_21
 .text          0x000000000000025a        0x0 e:/programme/avr-gcc/bin/../lib/gcc/avr/8.1.0/avr5\libgcc.a(_exit.o)
 .text          0x000000000000025a        0x0 e:/programme/avr-gcc/bin/../lib/gcc/avr/8.1.0/avr5\libgcc.a(_clear_bss.o)
                0x000000000000025a                . = ALIGN (0x2)
 *(.text.*)
 .text._ZN7MFRC522IN5BMCPP3AVR9ATMega328EE13mfrc522_writeEN17HardwareAddresses15CommandRegisterEh
                0x000000000000025a       0x14 main.o
                0x000000000000025a                _ZN7MFRC522IN5BMCPP3AVR9ATMega328EE13mfrc522_writeEN17HardwareAddresses15CommandRegisterEh
 .text._ZN7MFRC522IN5BMCPP3AVR9ATMega328EE12mfrc522_readEN17HardwareAddresses15CommandRegisterE
                0x000000000000026e       0x10 main.o
                0x000000000000026e                _ZN7MFRC522IN5BMCPP3AVR9ATMega328EE12mfrc522_readEN17HardwareAddresses15CommandRegisterE
 .text._ZN7MFRC522IN5BMCPP3AVR9ATMega328EE12mfrc522_initINS0_3Hal4PortINS1_1BES2_EEEEvv
                0x000000000000027e       0x54 main.o
                0x000000000000027e                _ZN7MFRC522IN5BMCPP3AVR9ATMega328EE12mfrc522_initINS0_3Hal4PortINS1_1BES2_EEEEvv
 .text.startup  0x00000000000002d2      0x15c main.o
                0x00000000000002d2                main
 .text.libgcc.mul
                0x000000000000042e        0x0 e:/programme/avr-gcc/bin/../lib/gcc/avr/8.1.0/avr5\libgcc.a(_exit.o)
 .text.libgcc.div
                0x000000000000042e        0x0 e:/programme/avr-gcc/bin/../lib/gcc/avr/8.1.0/avr5\libgcc.a(_exit.o)
 .text.libgcc   0x000000000000042e        0x0 e:/programme/avr-gcc/bin/../lib/gcc/avr/8.1.0/avr5\libgcc.a(_exit.o)
 .text.libgcc.prologue
                0x000000000000042e        0x0 e:/programme/avr-gcc/bin/../lib/gcc/avr/8.1.0/avr5\libgcc.a(_exit.o)
 .text.libgcc.builtins
                0x000000000000042e        0x0 e:/programme/avr-gcc/bin/../lib/gcc/avr/8.1.0/avr5\libgcc.a(_exit.o)
 .text.libgcc.fmul
                0x000000000000042e        0x0 e:/programme/avr-gcc/bin/../lib/gcc/avr/8.1.0/avr5\libgcc.a(_exit.o)
 .text.libgcc.fixed
                0x000000000000042e        0x0 e:/programme/avr-gcc/bin/../lib/gcc/avr/8.1.0/avr5\libgcc.a(_exit.o)
 .text.libgcc.mul
                0x000000000000042e        0x0 e:/programme/avr-gcc/bin/../lib/gcc/avr/8.1.0/avr5\libgcc.a(_clear_bss.o)
 .text.libgcc.div
                0x000000000000042e        0x0 e:/programme/avr-gcc/bin/../lib/gcc/avr/8.1.0/avr5\libgcc.a(_clear_bss.o)
 .text.libgcc   0x000000000000042e        0x0 e:/programme/avr-gcc/bin/../lib/gcc/avr/8.1.0/avr5\libgcc.a(_clear_bss.o)
 .text.libgcc.prologue
                0x000000000000042e        0x0 e:/programme/avr-gcc/bin/../lib/gcc/avr/8.1.0/avr5\libgcc.a(_clear_bss.o)
 .text.libgcc.builtins
                0x000000000000042e        0x0 e:/programme/avr-gcc/bin/../lib/gcc/avr/8.1.0/avr5\libgcc.a(_clear_bss.o)
 .text.libgcc.fmul
                0x000000000000042e        0x0 e:/programme/avr-gcc/bin/../lib/gcc/avr/8.1.0/avr5\libgcc.a(_clear_bss.o)
 .text.libgcc.fixed
                0x000000000000042e        0x0 e:/programme/avr-gcc/bin/../lib/gcc/avr/8.1.0/avr5\libgcc.a(_clear_bss.o)
                0x000000000000042e                . = ALIGN (0x2)
 *(.fini9)
 .fini9         0x000000000000042e        0x0 e:/programme/avr-gcc/bin/../lib/gcc/avr/8.1.0/avr5\libgcc.a(_exit.o)
                0x000000000000042e                _exit
                0x000000000000042e                exit
 *(.fini9)
 *(.fini8)
 *(.fini8)
 *(.fini7)
 *(.fini7)
 *(.fini6)
 *(.fini6)
 *(.fini5)
 *(.fini5)
 *(.fini4)
 *(.fini4)
 *(.fini3)
 *(.fini3)
 *(.fini2)
 *(.fini2)
 *(.fini1)
 *(.fini1)
 *(.fini0)
 .fini0         0x000000000000042e        0x4 e:/programme/avr-gcc/bin/../lib/gcc/avr/8.1.0/avr5\libgcc.a(_exit.o)
 *(.fini0)
 *(.hightext)
 *(.hightext*)
 *(.progmemx.*)
                0x0000000000000432                . = ALIGN (0x2)
 *(.jumptables)
 *(.jumptables*)
                0x0000000000000432                _etext = .

.data           0x0000000000800100        0x0 load address 0x0000000000000432
                [!provide]                        PROVIDE (__data_start = .)
 *(.data)
 .data          0x0000000000800100        0x0 e:/programme/avr-gcc/bin/../lib/gcc/avr/8.1.0/../../../../avr/lib/avr5/crtatmega328p.o
 .data          0x0000000000800100        0x0 main.o
 .data          0x0000000000800100        0x0 e:/programme/avr-gcc/bin/../lib/gcc/avr/8.1.0/avr5\libgcc.a(_exit.o)
 .data          0x0000000000800100        0x0 e:/programme/avr-gcc/bin/../lib/gcc/avr/8.1.0/avr5\libgcc.a(_clear_bss.o)
 *(.data*)
 *(.gnu.linkonce.d*)
 *(.rodata)
 *(.rodata*)
 *(.gnu.linkonce.r*)
                0x0000000000800100                . = ALIGN (0x2)
                0x0000000000800100                _edata = .
                [!provide]                        PROVIDE (__data_end = .)

.bss            0x0000000000800100       0x46
                0x0000000000800100                PROVIDE (__bss_start = .)
 *(.bss)
 .bss           0x0000000000800100        0x0 e:/programme/avr-gcc/bin/../lib/gcc/avr/8.1.0/../../../../avr/lib/avr5/crtatmega328p.o
 .bss           0x0000000000800100       0x46 main.o
 .bss           0x0000000000800146        0x0 e:/programme/avr-gcc/bin/../lib/gcc/avr/8.1.0/avr5\libgcc.a(_exit.o)
 .bss           0x0000000000800146        0x0 e:/programme/avr-gcc/bin/../lib/gcc/avr/8.1.0/avr5\libgcc.a(_clear_bss.o)
 *(.bss*)
 *(COMMON)
                0x0000000000800146                PROVIDE (__bss_end = .)
                0x0000000000000432                __data_load_start = LOADADDR (.data)
                0x0000000000000432                __data_load_end = (__data_load_start + SIZEOF (.data))

.noinit         0x0000000000800146        0x0
                [!provide]                        PROVIDE (__noinit_start = .)
 *(.noinit*)
                [!provide]                        PROVIDE (__noinit_end = .)
                0x0000000000800146                _end = .
                [!provide]                        PROVIDE (__heap_start = .)

.eeprom         0x0000000000810000        0x0
 *(.eeprom*)
                0x0000000000810000                __eeprom_end = .

.fuse
 *(.fuse)
 *(.lfuse)
 *(.hfuse)
 *(.efuse)

.lock
 *(.lock*)

.signature
 *(.signature*)

.stab
 *(.stab)

.stabstr
 *(.stabstr)

.stab.excl
 *(.stab.excl)

.stab.exclstr
 *(.stab.exclstr)

.stab.index
 *(.stab.index)

.stab.indexstr
 *(.stab.indexstr)

.comment        0x0000000000000000       0x11
 *(.comment)
 .comment       0x0000000000000000       0x11 main.o
                                         0x12 (size before relaxing)

.note.gnu.avr.deviceinfo
                0x0000000000000000       0x40
 .note.gnu.avr.deviceinfo
                0x0000000000000000       0x40 e:/programme/avr-gcc/bin/../lib/gcc/avr/8.1.0/../../../../avr/lib/avr5/crtatmega328p.o

.note.gnu.build-id
 *(.note.gnu.build-id)

.debug
 *(.debug)

.line
 *(.line)

.debug_srcinfo
 *(.debug_srcinfo)

.debug_sfnames
 *(.debug_sfnames)

.debug_aranges  0x0000000000000000       0x40
 *(.debug_aranges)
 .debug_aranges
                0x0000000000000000       0x20 e:/programme/avr-gcc/bin/../lib/gcc/avr/8.1.0/avr5\libgcc.a(_exit.o)
 .debug_aranges
                0x0000000000000020       0x20 e:/programme/avr-gcc/bin/../lib/gcc/avr/8.1.0/avr5\libgcc.a(_clear_bss.o)

.debug_pubnames
 *(.debug_pubnames)

.debug_info     0x0000000000000000      0x640
 *(.debug_info .gnu.linkonce.wi.*)
 .debug_info    0x0000000000000000      0x5f4 e:/programme/avr-gcc/bin/../lib/gcc/avr/8.1.0/../../../../avr/lib/avr5/crtatmega328p.o
 .debug_info    0x00000000000005f4       0x26 e:/programme/avr-gcc/bin/../lib/gcc/avr/8.1.0/avr5\libgcc.a(_exit.o)
 .debug_info    0x000000000000061a       0x26 e:/programme/avr-gcc/bin/../lib/gcc/avr/8.1.0/avr5\libgcc.a(_clear_bss.o)

.debug_abbrev   0x0000000000000000      0x5ca
 *(.debug_abbrev)
 .debug_abbrev  0x0000000000000000      0x5a2 e:/programme/avr-gcc/bin/../lib/gcc/avr/8.1.0/../../../../avr/lib/avr5/crtatmega328p.o
 .debug_abbrev  0x00000000000005a2       0x14 e:/programme/avr-gcc/bin/../lib/gcc/avr/8.1.0/avr5\libgcc.a(_exit.o)
 .debug_abbrev  0x00000000000005b6       0x14 e:/programme/avr-gcc/bin/../lib/gcc/avr/8.1.0/avr5\libgcc.a(_clear_bss.o)

.debug_line     0x0000000000000000      0x103
 *(.debug_line .debug_line.* .debug_line_end)
 .debug_line    0x0000000000000000       0x1d e:/programme/avr-gcc/bin/../lib/gcc/avr/8.1.0/../../../../avr/lib/avr5/crtatmega328p.o
 .debug_line    0x000000000000001d       0x61 e:/programme/avr-gcc/bin/../lib/gcc/avr/8.1.0/avr5\libgcc.a(_exit.o)
 .debug_line    0x000000000000007e       0x85 e:/programme/avr-gcc/bin/../lib/gcc/avr/8.1.0/avr5\libgcc.a(_clear_bss.o)

.debug_frame
 *(.debug_frame)

.debug_str      0x0000000000000000      0x266
 *(.debug_str)
 .debug_str     0x0000000000000000      0x208 e:/programme/avr-gcc/bin/../lib/gcc/avr/8.1.0/../../../../avr/lib/avr5/crtatmega328p.o
 .debug_str     0x0000000000000208       0x5e e:/programme/avr-gcc/bin/../lib/gcc/avr/8.1.0/avr5\libgcc.a(_exit.o)
 .debug_str     0x0000000000000266       0x5e e:/programme/avr-gcc/bin/../lib/gcc/avr/8.1.0/avr5\libgcc.a(_clear_bss.o)

.debug_loc
 *(.debug_loc)

.debug_macinfo
 *(.debug_macinfo)

.debug_weaknames
 *(.debug_weaknames)

.debug_funcnames
 *(.debug_funcnames)

.debug_typenames
 *(.debug_typenames)

.debug_varnames
 *(.debug_varnames)

.debug_pubtypes
 *(.debug_pubtypes)

.debug_ranges
 *(.debug_ranges)

.debug_macro
 *(.debug_macro)

.debug_addr
 *(.debug_addr)
OUTPUT(main.elf elf32-avr)
LOAD linker stubs

.mmcu           0x0000000000910000        0x0

Cross Reference Table

Symbol                                            File
_Z11uart_puts_pPKc                                main.o
_Z9uart_getcv                                     main.o
_Z9uart_initj                                     main.o
_Z9uart_putch                                     main.o
_Z9uart_putsPKc                                   main.o
_ZN3spi14spi_fast_shiftEh                         main.o
_ZN3spi17spi_transfer_syncEPhS0_h                 main.o
_ZN3spi17spi_transmit_syncEPhh                    main.o
_ZN3spi9spi0_initEv                               main.o
_ZN7MFRC522IN5BMCPP3AVR9ATMega328EE12mfrc522_initINS0_3Hal4PortINS1_1BES2_EEEEvv main.o
_ZN7MFRC522IN5BMCPP3AVR9ATMega328EE12mfrc522_readEN17HardwareAddresses15CommandRegisterE main.o
_ZN7MFRC522IN5BMCPP3AVR9ATMega328EE13mfrc522_writeEN17HardwareAddresses15CommandRegisterEh main.o
__bad_interrupt                                   e:/programme/avr-gcc/bin/../lib/gcc/avr/8.1.0/../../../../avr/lib/avr5/crtatmega328p.o
__bss_end                                         e:/programme/avr-gcc/bin/../lib/gcc/avr/8.1.0/avr5\libgcc.a(_clear_bss.o)
__bss_start                                       e:/programme/avr-gcc/bin/../lib/gcc/avr/8.1.0/avr5\libgcc.a(_clear_bss.o)
__do_clear_bss                                    e:/programme/avr-gcc/bin/../lib/gcc/avr/8.1.0/avr5\libgcc.a(_clear_bss.o)
                                                  main.o
__heap_end                                        e:/programme/avr-gcc/bin/../lib/gcc/avr/8.1.0/../../../../avr/lib/avr5/crtatmega328p.o
__init                                            e:/programme/avr-gcc/bin/../lib/gcc/avr/8.1.0/../../../../avr/lib/avr5/crtatmega328p.o
__stack                                           e:/programme/avr-gcc/bin/../lib/gcc/avr/8.1.0/../../../../avr/lib/avr5/crtatmega328p.o
__vector_1                                        e:/programme/avr-gcc/bin/../lib/gcc/avr/8.1.0/../../../../avr/lib/avr5/crtatmega328p.o
__vector_10                                       e:/programme/avr-gcc/bin/../lib/gcc/avr/8.1.0/../../../../avr/lib/avr5/crtatmega328p.o
__vector_11                                       e:/programme/avr-gcc/bin/../lib/gcc/avr/8.1.0/../../../../avr/lib/avr5/crtatmega328p.o
__vector_12                                       e:/programme/avr-gcc/bin/../lib/gcc/avr/8.1.0/../../../../avr/lib/avr5/crtatmega328p.o
__vector_13                                       e:/programme/avr-gcc/bin/../lib/gcc/avr/8.1.0/../../../../avr/lib/avr5/crtatmega328p.o
__vector_14                                       e:/programme/avr-gcc/bin/../lib/gcc/avr/8.1.0/../../../../avr/lib/avr5/crtatmega328p.o
__vector_15                                       e:/programme/avr-gcc/bin/../lib/gcc/avr/8.1.0/../../../../avr/lib/avr5/crtatmega328p.o
__vector_16                                       e:/programme/avr-gcc/bin/../lib/gcc/avr/8.1.0/../../../../avr/lib/avr5/crtatmega328p.o
__vector_17                                       e:/programme/avr-gcc/bin/../lib/gcc/avr/8.1.0/../../../../avr/lib/avr5/crtatmega328p.o
__vector_18                                       main.o
                                                  e:/programme/avr-gcc/bin/../lib/gcc/avr/8.1.0/../../../../avr/lib/avr5/crtatmega328p.o
__vector_19                                       main.o
                                                  e:/programme/avr-gcc/bin/../lib/gcc/avr/8.1.0/../../../../avr/lib/avr5/crtatmega328p.o
__vector_2                                        e:/programme/avr-gcc/bin/../lib/gcc/avr/8.1.0/../../../../avr/lib/avr5/crtatmega328p.o
__vector_20                                       e:/programme/avr-gcc/bin/../lib/gcc/avr/8.1.0/../../../../avr/lib/avr5/crtatmega328p.o
__vector_21                                       main.o
                                                  e:/programme/avr-gcc/bin/../lib/gcc/avr/8.1.0/../../../../avr/lib/avr5/crtatmega328p.o
__vector_22                                       e:/programme/avr-gcc/bin/../lib/gcc/avr/8.1.0/../../../../avr/lib/avr5/crtatmega328p.o
__vector_23                                       e:/programme/avr-gcc/bin/../lib/gcc/avr/8.1.0/../../../../avr/lib/avr5/crtatmega328p.o
__vector_24                                       e:/programme/avr-gcc/bin/../lib/gcc/avr/8.1.0/../../../../avr/lib/avr5/crtatmega328p.o
__vector_25                                       e:/programme/avr-gcc/bin/../lib/gcc/avr/8.1.0/../../../../avr/lib/avr5/crtatmega328p.o
__vector_3                                        e:/programme/avr-gcc/bin/../lib/gcc/avr/8.1.0/../../../../avr/lib/avr5/crtatmega328p.o
__vector_4                                        e:/programme/avr-gcc/bin/../lib/gcc/avr/8.1.0/../../../../avr/lib/avr5/crtatmega328p.o
__vector_5                                        e:/programme/avr-gcc/bin/../lib/gcc/avr/8.1.0/../../../../avr/lib/avr5/crtatmega328p.o
__vector_6                                        e:/programme/avr-gcc/bin/../lib/gcc/avr/8.1.0/../../../../avr/lib/avr5/crtatmega328p.o
__vector_7                                        e:/programme/avr-gcc/bin/../lib/gcc/avr/8.1.0/../../../../avr/lib/avr5/crtatmega328p.o
__vector_8                                        e:/programme/avr-gcc/bin/../lib/gcc/avr/8.1.0/../../../../avr/lib/avr5/crtatmega328p.o
__vector_9                                        e:/programme/avr-gcc/bin/../lib/gcc/avr/8.1.0/../../../../avr/lib/avr5/crtatmega328p.o
__vector_default                                  e:/programme/avr-gcc/bin/../lib/gcc/avr/8.1.0/../../../../avr/lib/avr5/crtatmega328p.o
__vectors                                         e:/programme/avr-gcc/bin/../lib/gcc/avr/8.1.0/../../../../avr/lib/avr5/crtatmega328p.o
_exit                                             e:/programme/avr-gcc/bin/../lib/gcc/avr/8.1.0/avr5\libgcc.a(_exit.o)
exit                                              e:/programme/avr-gcc/bin/../lib/gcc/avr/8.1.0/avr5\libgcc.a(_exit.o)
                                                  e:/programme/avr-gcc/bin/../lib/gcc/avr/8.1.0/../../../../avr/lib/avr5/crtatmega328p.o
main                                              main.o
                                                  e:/programme/avr-gcc/bin/../lib/gcc/avr/8.1.0/../../../../avr/lib/avr5/crtatmega328p.o
