Archive member included to satisfy reference by file (symbol)

f:/users/keven/downloads/avr-gcc-7.3.0-x64-mingw/bin/../lib/gcc/avr/7.3.0/avr5\libgcc.a(_divmodhi4.o)
                              main.o (__divmodhi4)
f:/users/keven/downloads/avr-gcc-7.3.0-x64-mingw/bin/../lib/gcc/avr/7.3.0/avr5\libgcc.a(_exit.o)
                              f:/users/keven/downloads/avr-gcc-7.3.0-x64-mingw/bin/../lib/gcc/avr/7.3.0/../../../../avr/lib/avr5/crtatmega328p.o (exit)
f:/users/keven/downloads/avr-gcc-7.3.0-x64-mingw/bin/../lib/gcc/avr/7.3.0/avr5\libgcc.a(_clear_bss.o)
                              main.o (__do_clear_bss)
f:/users/keven/downloads/avr-gcc-7.3.0-x64-mingw/bin/../lib/gcc/avr/7.3.0/avr5\libgcc.a(_udivmodhi4.o)
                              f:/users/keven/downloads/avr-gcc-7.3.0-x64-mingw/bin/../lib/gcc/avr/7.3.0/avr5\libgcc.a(_divmodhi4.o) (__udivmodhi4)
f:/users/keven/downloads/avr-gcc-7.3.0-x64-mingw/bin/../lib/gcc/avr/7.3.0/../../../../avr/lib/avr5\libc.a(memcpy_P.o)
                              main.o (memcpy_P)

Discarded input sections

 .group         0x0000000000000000        0xc main.o

Memory Configuration

Name             Origin             Length             Attributes
text             0x0000000000000000 0x0000000000020000 xr
data             0x0000000000800060 0x000000000000ffa0 rw !x
eeprom           0x0000000000810000 0x0000000000010000 rw !x
fuse             0x0000000000820000 0x0000000000000400 rw !x
lock             0x0000000000830000 0x0000000000000400 rw !x
signature        0x0000000000840000 0x0000000000000400 rw !x
user_signatures  0x0000000000850000 0x0000000000000400 rw !x
*default*        0x0000000000000000 0xffffffffffffffff

Linker script and memory map

Address of section .data set to 0x800100
LOAD f:/users/keven/downloads/avr-gcc-7.3.0-x64-mingw/bin/../lib/gcc/avr/7.3.0/../../../../avr/lib/avr5/crtatmega328p.o
Address of section .mmcu set to 0x910000
LOAD main.o
START GROUP
LOAD f:/users/keven/downloads/avr-gcc-7.3.0-x64-mingw/bin/../lib/gcc/avr/7.3.0/avr5\libgcc.a
LOAD f:/users/keven/downloads/avr-gcc-7.3.0-x64-mingw/bin/../lib/gcc/avr/7.3.0/../../../../avr/lib/avr5\libm.a
LOAD f:/users/keven/downloads/avr-gcc-7.3.0-x64-mingw/bin/../lib/gcc/avr/7.3.0/../../../../avr/lib/avr5\libc.a
LOAD f:/users/keven/downloads/avr-gcc-7.3.0-x64-mingw/bin/../lib/gcc/avr/7.3.0/../../../../avr/lib/avr5\libatmega328p.a
END GROUP
                0x0000000000020000                __TEXT_REGION_LENGTH__ = DEFINED (__TEXT_REGION_LENGTH__)?__TEXT_REGION_LENGTH__:0x20000
                0x000000000000ffa0                __DATA_REGION_LENGTH__ = DEFINED (__DATA_REGION_LENGTH__)?__DATA_REGION_LENGTH__:0xffa0
                0x0000000000010000                __EEPROM_REGION_LENGTH__ = DEFINED (__EEPROM_REGION_LENGTH__)?__EEPROM_REGION_LENGTH__:0x10000
                0x0000000000000400                __FUSE_REGION_LENGTH__ = DEFINED (__FUSE_REGION_LENGTH__)?__FUSE_REGION_LENGTH__:0x400
                0x0000000000000400                __LOCK_REGION_LENGTH__ = DEFINED (__LOCK_REGION_LENGTH__)?__LOCK_REGION_LENGTH__:0x400
                0x0000000000000400                __SIGNATURE_REGION_LENGTH__ = DEFINED (__SIGNATURE_REGION_LENGTH__)?__SIGNATURE_REGION_LENGTH__:0x400
                0x0000000000000400                __USER_SIGNATURE_REGION_LENGTH__ = DEFINED (__USER_SIGNATURE_REGION_LENGTH__)?__USER_SIGNATURE_REGION_LENGTH__:0x400

.hash
 *(.hash)

.dynsym
 *(.dynsym)

.dynstr
 *(.dynstr)

.gnu.version
 *(.gnu.version)

.gnu.version_d
 *(.gnu.version_d)

.gnu.version_r
 *(.gnu.version_r)

.rel.init
 *(.rel.init)

.rela.init
 *(.rela.init)

.rel.text
 *(.rel.text)
 *(.rel.text.*)
 *(.rel.gnu.linkonce.t*)

.rela.text
 *(.rela.text)
 *(.rela.text.*)
 *(.rela.gnu.linkonce.t*)

.rel.fini
 *(.rel.fini)

.rela.fini
 *(.rela.fini)

.rel.rodata
 *(.rel.rodata)
 *(.rel.rodata.*)
 *(.rel.gnu.linkonce.r*)

.rela.rodata
 *(.rela.rodata)
 *(.rela.rodata.*)
 *(.rela.gnu.linkonce.r*)

.rel.data
 *(.rel.data)
 *(.rel.data.*)
 *(.rel.gnu.linkonce.d*)

.rela.data
 *(.rela.data)
 *(.rela.data.*)
 *(.rela.gnu.linkonce.d*)

.rel.ctors
 *(.rel.ctors)

.rela.ctors
 *(.rela.ctors)

.rel.dtors
 *(.rel.dtors)

.rela.dtors
 *(.rela.dtors)

.rel.got
 *(.rel.got)

.rela.got
 *(.rela.got)

.rel.bss
 *(.rel.bss)

.rela.bss
 *(.rela.bss)

.rel.plt
 *(.rel.plt)

.rela.plt
 *(.rela.plt)

.text           0x0000000000000000      0x9f2
 *(.vectors)
 .vectors       0x0000000000000000       0x68 f:/users/keven/downloads/avr-gcc-7.3.0-x64-mingw/bin/../lib/gcc/avr/7.3.0/../../../../avr/lib/avr5/crtatmega328p.o
                0x0000000000000000                __vector_default
                0x0000000000000000                __vectors
 *(.vectors)
 *(.progmem.gcc*)
                0x0000000000000068                . = ALIGN (0x2)
                0x0000000000000068                __trampolines_start = .
 *(.trampolines)
 .trampolines   0x0000000000000068        0x0 linker stubs
 *(.trampolines*)
                0x0000000000000068                __trampolines_end = .
 *libprintf_flt.a:*(.progmem.data)
 *libc.a:*(.progmem.data)
 *(.progmem.*)
 .progmem.data  0x0000000000000068      0x1c7 main.o
                0x0000000000000230                . = ALIGN (0x2)
 *fill*         0x000000000000022f        0x1 
 *(.lowtext)
 *(.lowtext*)
                0x0000000000000230                __ctors_start = .
 *(.ctors)
                0x0000000000000230                __ctors_end = .
                0x0000000000000230                __dtors_start = .
 *(.dtors)
                0x0000000000000230                __dtors_end = .
 SORT_BY_NAME(*)(.ctors)
 SORT_BY_NAME(*)(.dtors)
 *(.init0)
 .init0         0x0000000000000230        0x0 f:/users/keven/downloads/avr-gcc-7.3.0-x64-mingw/bin/../lib/gcc/avr/7.3.0/../../../../avr/lib/avr5/crtatmega328p.o
                0x0000000000000230                __init
 *(.init0)
 *(.init1)
 *(.init1)
 *(.init2)
 .init2         0x0000000000000230        0xc f:/users/keven/downloads/avr-gcc-7.3.0-x64-mingw/bin/../lib/gcc/avr/7.3.0/../../../../avr/lib/avr5/crtatmega328p.o
 *(.init2)
 *(.init3)
 *(.init3)
 *(.init4)
 .init4         0x000000000000023c       0x10 f:/users/keven/downloads/avr-gcc-7.3.0-x64-mingw/bin/../lib/gcc/avr/7.3.0/avr5\libgcc.a(_clear_bss.o)
                0x000000000000023c                __do_clear_bss
 *(.init4)
 *(.init5)
 *(.init5)
 *(.init6)
 *(.init6)
 *(.init7)
 *(.init7)
 *(.init8)
 *(.init8)
 *(.init9)
 .init9         0x000000000000024c        0x8 f:/users/keven/downloads/avr-gcc-7.3.0-x64-mingw/bin/../lib/gcc/avr/7.3.0/../../../../avr/lib/avr5/crtatmega328p.o
 *(.init9)
 *(.text)
 .text          0x0000000000000254        0x4 f:/users/keven/downloads/avr-gcc-7.3.0-x64-mingw/bin/../lib/gcc/avr/7.3.0/../../../../avr/lib/avr5/crtatmega328p.o
                0x0000000000000254                __vector_22
                0x0000000000000254                __vector_1
                0x0000000000000254                __vector_24
                0x0000000000000254                __vector_12
                0x0000000000000254                __bad_interrupt
                0x0000000000000254                __vector_6
                0x0000000000000254                __vector_3
                0x0000000000000254                __vector_23
                0x0000000000000254                __vector_25
                0x0000000000000254                __vector_11
                0x0000000000000254                __vector_13
                0x0000000000000254                __vector_17
                0x0000000000000254                __vector_19
                0x0000000000000254                __vector_7
                0x0000000000000254                __vector_5
                0x0000000000000254                __vector_4
                0x0000000000000254                __vector_9
                0x0000000000000254                __vector_2
                0x0000000000000254                __vector_21
                0x0000000000000254                __vector_15
                0x0000000000000254                __vector_8
                0x0000000000000254                __vector_14
                0x0000000000000254                __vector_10
                0x0000000000000254                __vector_16
                0x0000000000000254                __vector_18
                0x0000000000000254                __vector_20
 .text          0x0000000000000258      0x706 main.o
                0x0000000000000258                _Z8LcdClearv
                0x0000000000000282                _Z13LcdGotoXYFontcc
                0x00000000000002bc                _Z6LcdChr11LcdFontSizec
                0x0000000000000476                _Z6LcdStr11LcdFontSizePc
                0x00000000000004aa                _Z7LcdFStr11LcdFontSizePKc
                0x00000000000004d4                _Z8LcdPixelcc12LcdPixelMode
                0x0000000000000570                _Z7LcdLinecccc12LcdPixelMode
                0x0000000000000666                _Z12LcdSingleBarcccc12LcdPixelMode
                0x00000000000006ce                _Z7LcdBarsPcccc
                0x000000000000073e                _Z7LcdRectcccc12LcdPixelMode
                0x00000000000007a0                _Z8LcdImagePKc
                0x00000000000007d8                _Z11LcdContrastc
                0x00000000000007f8                _Z9LcdUpdatev
                0x00000000000008b2                _Z7LcdInitv
                0x000000000000091e                _Z4loopv
 .text          0x000000000000095e        0x0 f:/users/keven/downloads/avr-gcc-7.3.0-x64-mingw/bin/../lib/gcc/avr/7.3.0/avr5\libgcc.a(_divmodhi4.o)
 .text          0x000000000000095e        0x0 f:/users/keven/downloads/avr-gcc-7.3.0-x64-mingw/bin/../lib/gcc/avr/7.3.0/avr5\libgcc.a(_exit.o)
 .text          0x000000000000095e        0x0 f:/users/keven/downloads/avr-gcc-7.3.0-x64-mingw/bin/../lib/gcc/avr/7.3.0/avr5\libgcc.a(_clear_bss.o)
 .text          0x000000000000095e        0x0 f:/users/keven/downloads/avr-gcc-7.3.0-x64-mingw/bin/../lib/gcc/avr/7.3.0/avr5\libgcc.a(_udivmodhi4.o)
 .text          0x000000000000095e        0x0 f:/users/keven/downloads/avr-gcc-7.3.0-x64-mingw/bin/../lib/gcc/avr/7.3.0/../../../../avr/lib/avr5\libc.a(memcpy_P.o)
                0x000000000000095e                . = ALIGN (0x2)
 *(.text.*)
 .text._ZN5BMCPP3Hal3SPIILh0ELNS0_3spi7ClkRateE0ELb1ENS_3AVR9ATMega328EE15readWriteSingleEh
                0x000000000000095e        0xc main.o
                0x000000000000095e                _ZN5BMCPP3Hal3SPIILh0ELNS0_3spi7ClkRateE0ELb1ENS_3AVR9ATMega328EE15readWriteSingleEh
 .text.startup  0x000000000000096a       0x22 main.o
                0x000000000000096a                main
 .text.libgcc.mul
                0x000000000000098c        0x0 f:/users/keven/downloads/avr-gcc-7.3.0-x64-mingw/bin/../lib/gcc/avr/7.3.0/avr5\libgcc.a(_divmodhi4.o)
 .text.libgcc.div
                0x000000000000098c       0x28 f:/users/keven/downloads/avr-gcc-7.3.0-x64-mingw/bin/../lib/gcc/avr/7.3.0/avr5\libgcc.a(_divmodhi4.o)
                0x000000000000098c                _div
                0x000000000000098c                __divmodhi4
 .text.libgcc   0x00000000000009b4        0x0 f:/users/keven/downloads/avr-gcc-7.3.0-x64-mingw/bin/../lib/gcc/avr/7.3.0/avr5\libgcc.a(_divmodhi4.o)
 .text.libgcc.prologue
                0x00000000000009b4        0x0 f:/users/keven/downloads/avr-gcc-7.3.0-x64-mingw/bin/../lib/gcc/avr/7.3.0/avr5\libgcc.a(_divmodhi4.o)
 .text.libgcc.builtins
                0x00000000000009b4        0x0 f:/users/keven/downloads/avr-gcc-7.3.0-x64-mingw/bin/../lib/gcc/avr/7.3.0/avr5\libgcc.a(_divmodhi4.o)
 .text.libgcc.fmul
                0x00000000000009b4        0x0 f:/users/keven/downloads/avr-gcc-7.3.0-x64-mingw/bin/../lib/gcc/avr/7.3.0/avr5\libgcc.a(_divmodhi4.o)
 .text.libgcc.fixed
                0x00000000000009b4        0x0 f:/users/keven/downloads/avr-gcc-7.3.0-x64-mingw/bin/../lib/gcc/avr/7.3.0/avr5\libgcc.a(_divmodhi4.o)
 .text.libgcc.mul
                0x00000000000009b4        0x0 f:/users/keven/downloads/avr-gcc-7.3.0-x64-mingw/bin/../lib/gcc/avr/7.3.0/avr5\libgcc.a(_exit.o)
 .text.libgcc.div
                0x00000000000009b4        0x0 f:/users/keven/downloads/avr-gcc-7.3.0-x64-mingw/bin/../lib/gcc/avr/7.3.0/avr5\libgcc.a(_exit.o)
 .text.libgcc   0x00000000000009b4        0x0 f:/users/keven/downloads/avr-gcc-7.3.0-x64-mingw/bin/../lib/gcc/avr/7.3.0/avr5\libgcc.a(_exit.o)
 .text.libgcc.prologue
                0x00000000000009b4        0x0 f:/users/keven/downloads/avr-gcc-7.3.0-x64-mingw/bin/../lib/gcc/avr/7.3.0/avr5\libgcc.a(_exit.o)
 .text.libgcc.builtins
                0x00000000000009b4        0x0 f:/users/keven/downloads/avr-gcc-7.3.0-x64-mingw/bin/../lib/gcc/avr/7.3.0/avr5\libgcc.a(_exit.o)
 .text.libgcc.fmul
                0x00000000000009b4        0x0 f:/users/keven/downloads/avr-gcc-7.3.0-x64-mingw/bin/../lib/gcc/avr/7.3.0/avr5\libgcc.a(_exit.o)
 .text.libgcc.fixed
                0x00000000000009b4        0x0 f:/users/keven/downloads/avr-gcc-7.3.0-x64-mingw/bin/../lib/gcc/avr/7.3.0/avr5\libgcc.a(_exit.o)
 .text.libgcc.mul
                0x00000000000009b4        0x0 f:/users/keven/downloads/avr-gcc-7.3.0-x64-mingw/bin/../lib/gcc/avr/7.3.0/avr5\libgcc.a(_clear_bss.o)
 .text.libgcc.div
                0x00000000000009b4        0x0 f:/users/keven/downloads/avr-gcc-7.3.0-x64-mingw/bin/../lib/gcc/avr/7.3.0/avr5\libgcc.a(_clear_bss.o)
 .text.libgcc   0x00000000000009b4        0x0 f:/users/keven/downloads/avr-gcc-7.3.0-x64-mingw/bin/../lib/gcc/avr/7.3.0/avr5\libgcc.a(_clear_bss.o)
 .text.libgcc.prologue
                0x00000000000009b4        0x0 f:/users/keven/downloads/avr-gcc-7.3.0-x64-mingw/bin/../lib/gcc/avr/7.3.0/avr5\libgcc.a(_clear_bss.o)
 .text.libgcc.builtins
                0x00000000000009b4        0x0 f:/users/keven/downloads/avr-gcc-7.3.0-x64-mingw/bin/../lib/gcc/avr/7.3.0/avr5\libgcc.a(_clear_bss.o)
 .text.libgcc.fmul
                0x00000000000009b4        0x0 f:/users/keven/downloads/avr-gcc-7.3.0-x64-mingw/bin/../lib/gcc/avr/7.3.0/avr5\libgcc.a(_clear_bss.o)
 .text.libgcc.fixed
                0x00000000000009b4        0x0 f:/users/keven/downloads/avr-gcc-7.3.0-x64-mingw/bin/../lib/gcc/avr/7.3.0/avr5\libgcc.a(_clear_bss.o)
 .text.libgcc.mul
                0x00000000000009b4        0x0 f:/users/keven/downloads/avr-gcc-7.3.0-x64-mingw/bin/../lib/gcc/avr/7.3.0/avr5\libgcc.a(_udivmodhi4.o)
 .text.libgcc.div
                0x00000000000009b4       0x28 f:/users/keven/downloads/avr-gcc-7.3.0-x64-mingw/bin/../lib/gcc/avr/7.3.0/avr5\libgcc.a(_udivmodhi4.o)
                0x00000000000009b4                __udivmodhi4
 .text.libgcc   0x00000000000009dc        0x0 f:/users/keven/downloads/avr-gcc-7.3.0-x64-mingw/bin/../lib/gcc/avr/7.3.0/avr5\libgcc.a(_udivmodhi4.o)
 .text.libgcc.prologue
                0x00000000000009dc        0x0 f:/users/keven/downloads/avr-gcc-7.3.0-x64-mingw/bin/../lib/gcc/avr/7.3.0/avr5\libgcc.a(_udivmodhi4.o)
 .text.libgcc.builtins
                0x00000000000009dc        0x0 f:/users/keven/downloads/avr-gcc-7.3.0-x64-mingw/bin/../lib/gcc/avr/7.3.0/avr5\libgcc.a(_udivmodhi4.o)
 .text.libgcc.fmul
                0x00000000000009dc        0x0 f:/users/keven/downloads/avr-gcc-7.3.0-x64-mingw/bin/../lib/gcc/avr/7.3.0/avr5\libgcc.a(_udivmodhi4.o)
 .text.libgcc.fixed
                0x00000000000009dc        0x0 f:/users/keven/downloads/avr-gcc-7.3.0-x64-mingw/bin/../lib/gcc/avr/7.3.0/avr5\libgcc.a(_udivmodhi4.o)
 .text.avr-libc
                0x00000000000009dc       0x12 f:/users/keven/downloads/avr-gcc-7.3.0-x64-mingw/bin/../lib/gcc/avr/7.3.0/../../../../avr/lib/avr5\libc.a(memcpy_P.o)
                0x00000000000009dc                memcpy_P
                0x00000000000009ee                . = ALIGN (0x2)
 *(.fini9)
 .fini9         0x00000000000009ee        0x0 f:/users/keven/downloads/avr-gcc-7.3.0-x64-mingw/bin/../lib/gcc/avr/7.3.0/avr5\libgcc.a(_exit.o)
                0x00000000000009ee                _exit
                0x00000000000009ee                exit
 *(.fini9)
 *(.fini8)
 *(.fini8)
 *(.fini7)
 *(.fini7)
 *(.fini6)
 *(.fini6)
 *(.fini5)
 *(.fini5)
 *(.fini4)
 *(.fini4)
 *(.fini3)
 *(.fini3)
 *(.fini2)
 *(.fini2)
 *(.fini1)
 *(.fini1)
 *(.fini0)
 .fini0         0x00000000000009ee        0x4 f:/users/keven/downloads/avr-gcc-7.3.0-x64-mingw/bin/../lib/gcc/avr/7.3.0/avr5\libgcc.a(_exit.o)
 *(.fini0)
 *(.hightext)
 *(.hightext*)
 *(.progmemx.*)
                0x00000000000009f2                . = ALIGN (0x2)
 *(.jumptables)
 *(.jumptables*)
                0x00000000000009f2                _etext = .

.data           0x0000000000800100        0x0 load address 0x00000000000009f2
                [!provide]                        PROVIDE (__data_start = .)
 *(.data)
 .data          0x0000000000800100        0x0 f:/users/keven/downloads/avr-gcc-7.3.0-x64-mingw/bin/../lib/gcc/avr/7.3.0/../../../../avr/lib/avr5/crtatmega328p.o
 .data          0x0000000000800100        0x0 main.o
 .data          0x0000000000800100        0x0 f:/users/keven/downloads/avr-gcc-7.3.0-x64-mingw/bin/../lib/gcc/avr/7.3.0/avr5\libgcc.a(_divmodhi4.o)
 .data          0x0000000000800100        0x0 f:/users/keven/downloads/avr-gcc-7.3.0-x64-mingw/bin/../lib/gcc/avr/7.3.0/avr5\libgcc.a(_exit.o)
 .data          0x0000000000800100        0x0 f:/users/keven/downloads/avr-gcc-7.3.0-x64-mingw/bin/../lib/gcc/avr/7.3.0/avr5\libgcc.a(_clear_bss.o)
 .data          0x0000000000800100        0x0 f:/users/keven/downloads/avr-gcc-7.3.0-x64-mingw/bin/../lib/gcc/avr/7.3.0/avr5\libgcc.a(_udivmodhi4.o)
 .data          0x0000000000800100        0x0 f:/users/keven/downloads/avr-gcc-7.3.0-x64-mingw/bin/../lib/gcc/avr/7.3.0/../../../../avr/lib/avr5\libc.a(memcpy_P.o)
 *(.data*)
 *(.gnu.linkonce.d*)
 *(.rodata)
 *(.rodata*)
 *(.gnu.linkonce.r*)
                0x0000000000800100                . = ALIGN (0x2)
                0x0000000000800100                _edata = .
                [!provide]                        PROVIDE (__data_end = .)

.bss            0x0000000000800100      0x1fe
                0x0000000000800100                PROVIDE (__bss_start = .)
 *(.bss)
 .bss           0x0000000000800100        0x0 f:/users/keven/downloads/avr-gcc-7.3.0-x64-mingw/bin/../lib/gcc/avr/7.3.0/../../../../avr/lib/avr5/crtatmega328p.o
 .bss           0x0000000000800100      0x1fe main.o
 .bss           0x00000000008002fe        0x0 f:/users/keven/downloads/avr-gcc-7.3.0-x64-mingw/bin/../lib/gcc/avr/7.3.0/avr5\libgcc.a(_divmodhi4.o)
 .bss           0x00000000008002fe        0x0 f:/users/keven/downloads/avr-gcc-7.3.0-x64-mingw/bin/../lib/gcc/avr/7.3.0/avr5\libgcc.a(_exit.o)
 .bss           0x00000000008002fe        0x0 f:/users/keven/downloads/avr-gcc-7.3.0-x64-mingw/bin/../lib/gcc/avr/7.3.0/avr5\libgcc.a(_clear_bss.o)
 .bss           0x00000000008002fe        0x0 f:/users/keven/downloads/avr-gcc-7.3.0-x64-mingw/bin/../lib/gcc/avr/7.3.0/avr5\libgcc.a(_udivmodhi4.o)
 .bss           0x00000000008002fe        0x0 f:/users/keven/downloads/avr-gcc-7.3.0-x64-mingw/bin/../lib/gcc/avr/7.3.0/../../../../avr/lib/avr5\libc.a(memcpy_P.o)
 *(.bss*)
 *(COMMON)
                0x00000000008002fe                PROVIDE (__bss_end = .)
                0x00000000000009f2                __data_load_start = LOADADDR (.data)
                0x00000000000009f2                __data_load_end = (__data_load_start + SIZEOF (.data))

.noinit         0x00000000008002fe        0x0
                [!provide]                        PROVIDE (__noinit_start = .)
 *(.noinit*)
                [!provide]                        PROVIDE (__noinit_end = .)
                0x00000000008002fe                _end = .
                [!provide]                        PROVIDE (__heap_start = .)

.eeprom         0x0000000000810000        0x0
 *(.eeprom*)
                0x0000000000810000                __eeprom_end = .

.fuse
 *(.fuse)
 *(.lfuse)
 *(.hfuse)
 *(.efuse)

.lock
 *(.lock*)

.signature
 *(.signature*)

.stab
 *(.stab)

.stabstr
 *(.stabstr)

.stab.excl
 *(.stab.excl)

.stab.exclstr
 *(.stab.exclstr)

.stab.index
 *(.stab.index)

.stab.indexstr
 *(.stab.indexstr)

.comment        0x0000000000000000       0x11
 *(.comment)
 .comment       0x0000000000000000       0x11 main.o
                                         0x12 (size before relaxing)

.note.gnu.avr.deviceinfo
                0x0000000000000000       0x40
 .note.gnu.avr.deviceinfo
                0x0000000000000000       0x40 f:/users/keven/downloads/avr-gcc-7.3.0-x64-mingw/bin/../lib/gcc/avr/7.3.0/../../../../avr/lib/avr5/crtatmega328p.o

.note.gnu.build-id
 *(.note.gnu.build-id)

.debug
 *(.debug)

.line
 *(.line)

.debug_srcinfo
 *(.debug_srcinfo)

.debug_sfnames
 *(.debug_sfnames)

.debug_aranges  0x0000000000000000       0x80
 *(.debug_aranges)
 .debug_aranges
                0x0000000000000000       0x20 f:/users/keven/downloads/avr-gcc-7.3.0-x64-mingw/bin/../lib/gcc/avr/7.3.0/avr5\libgcc.a(_divmodhi4.o)
 .debug_aranges
                0x0000000000000020       0x20 f:/users/keven/downloads/avr-gcc-7.3.0-x64-mingw/bin/../lib/gcc/avr/7.3.0/avr5\libgcc.a(_exit.o)
 .debug_aranges
                0x0000000000000040       0x20 f:/users/keven/downloads/avr-gcc-7.3.0-x64-mingw/bin/../lib/gcc/avr/7.3.0/avr5\libgcc.a(_clear_bss.o)
 .debug_aranges
                0x0000000000000060       0x20 f:/users/keven/downloads/avr-gcc-7.3.0-x64-mingw/bin/../lib/gcc/avr/7.3.0/avr5\libgcc.a(_udivmodhi4.o)

.debug_pubnames
 *(.debug_pubnames)

.debug_info     0x0000000000000000      0x68c
 *(.debug_info .gnu.linkonce.wi.*)
 .debug_info    0x0000000000000000      0x5f4 f:/users/keven/downloads/avr-gcc-7.3.0-x64-mingw/bin/../lib/gcc/avr/7.3.0/../../../../avr/lib/avr5/crtatmega328p.o
 .debug_info    0x00000000000005f4       0x26 f:/users/keven/downloads/avr-gcc-7.3.0-x64-mingw/bin/../lib/gcc/avr/7.3.0/avr5\libgcc.a(_divmodhi4.o)
 .debug_info    0x000000000000061a       0x26 f:/users/keven/downloads/avr-gcc-7.3.0-x64-mingw/bin/../lib/gcc/avr/7.3.0/avr5\libgcc.a(_exit.o)
 .debug_info    0x0000000000000640       0x26 f:/users/keven/downloads/avr-gcc-7.3.0-x64-mingw/bin/../lib/gcc/avr/7.3.0/avr5\libgcc.a(_clear_bss.o)
 .debug_info    0x0000000000000666       0x26 f:/users/keven/downloads/avr-gcc-7.3.0-x64-mingw/bin/../lib/gcc/avr/7.3.0/avr5\libgcc.a(_udivmodhi4.o)

.debug_abbrev   0x0000000000000000      0x5f2
 *(.debug_abbrev)
 .debug_abbrev  0x0000000000000000      0x5a2 f:/users/keven/downloads/avr-gcc-7.3.0-x64-mingw/bin/../lib/gcc/avr/7.3.0/../../../../avr/lib/avr5/crtatmega328p.o
 .debug_abbrev  0x00000000000005a2       0x14 f:/users/keven/downloads/avr-gcc-7.3.0-x64-mingw/bin/../lib/gcc/avr/7.3.0/avr5\libgcc.a(_divmodhi4.o)
 .debug_abbrev  0x00000000000005b6       0x14 f:/users/keven/downloads/avr-gcc-7.3.0-x64-mingw/bin/../lib/gcc/avr/7.3.0/avr5\libgcc.a(_exit.o)
 .debug_abbrev  0x00000000000005ca       0x14 f:/users/keven/downloads/avr-gcc-7.3.0-x64-mingw/bin/../lib/gcc/avr/7.3.0/avr5\libgcc.a(_clear_bss.o)
 .debug_abbrev  0x00000000000005de       0x14 f:/users/keven/downloads/avr-gcc-7.3.0-x64-mingw/bin/../lib/gcc/avr/7.3.0/avr5\libgcc.a(_udivmodhi4.o)

.debug_line     0x0000000000000000      0x297
 *(.debug_line .debug_line.* .debug_line_end)
 .debug_line    0x0000000000000000       0x1d f:/users/keven/downloads/avr-gcc-7.3.0-x64-mingw/bin/../lib/gcc/avr/7.3.0/../../../../avr/lib/avr5/crtatmega328p.o
 .debug_line    0x000000000000001d       0xc7 f:/users/keven/downloads/avr-gcc-7.3.0-x64-mingw/bin/../lib/gcc/avr/7.3.0/avr5\libgcc.a(_divmodhi4.o)
 .debug_line    0x00000000000000e4       0x61 f:/users/keven/downloads/avr-gcc-7.3.0-x64-mingw/bin/../lib/gcc/avr/7.3.0/avr5\libgcc.a(_exit.o)
 .debug_line    0x0000000000000145       0x85 f:/users/keven/downloads/avr-gcc-7.3.0-x64-mingw/bin/../lib/gcc/avr/7.3.0/avr5\libgcc.a(_clear_bss.o)
 .debug_line    0x00000000000001ca       0xcd f:/users/keven/downloads/avr-gcc-7.3.0-x64-mingw/bin/../lib/gcc/avr/7.3.0/avr5\libgcc.a(_udivmodhi4.o)

.debug_frame
 *(.debug_frame)

.debug_str      0x0000000000000000      0x266
 *(.debug_str)
 .debug_str     0x0000000000000000      0x208 f:/users/keven/downloads/avr-gcc-7.3.0-x64-mingw/bin/../lib/gcc/avr/7.3.0/../../../../avr/lib/avr5/crtatmega328p.o
 .debug_str     0x0000000000000208       0x5e f:/users/keven/downloads/avr-gcc-7.3.0-x64-mingw/bin/../lib/gcc/avr/7.3.0/avr5\libgcc.a(_divmodhi4.o)
 .debug_str     0x0000000000000266       0x5e f:/users/keven/downloads/avr-gcc-7.3.0-x64-mingw/bin/../lib/gcc/avr/7.3.0/avr5\libgcc.a(_exit.o)
 .debug_str     0x0000000000000266       0x5e f:/users/keven/downloads/avr-gcc-7.3.0-x64-mingw/bin/../lib/gcc/avr/7.3.0/avr5\libgcc.a(_clear_bss.o)
 .debug_str     0x0000000000000266       0x5e f:/users/keven/downloads/avr-gcc-7.3.0-x64-mingw/bin/../lib/gcc/avr/7.3.0/avr5\libgcc.a(_udivmodhi4.o)

.debug_loc
 *(.debug_loc)

.debug_macinfo
 *(.debug_macinfo)

.debug_weaknames
 *(.debug_weaknames)

.debug_funcnames
 *(.debug_funcnames)

.debug_typenames
 *(.debug_typenames)

.debug_varnames
 *(.debug_varnames)

.debug_pubtypes
 *(.debug_pubtypes)

.debug_ranges
 *(.debug_ranges)

.debug_macro
 *(.debug_macro)

.debug_addr
 *(.debug_addr)
OUTPUT(main.elf elf32-avr)
LOAD linker stubs

.mmcu           0x0000000000910000        0x0

Cross Reference Table

Symbol                                            File
_Z11LcdContrastc                                  main.o
_Z12LcdSingleBarcccc12LcdPixelMode                main.o
_Z13LcdGotoXYFontcc                               main.o
_Z4loopv                                          main.o
_Z6LcdChr11LcdFontSizec                           main.o
_Z6LcdStr11LcdFontSizePc                          main.o
_Z7LcdBarsPcccc                                   main.o
_Z7LcdFStr11LcdFontSizePKc                        main.o
_Z7LcdInitv                                       main.o
_Z7LcdLinecccc12LcdPixelMode                      main.o
_Z7LcdRectcccc12LcdPixelMode                      main.o
_Z8LcdClearv                                      main.o
_Z8LcdImagePKc                                    main.o
_Z8LcdPixelcc12LcdPixelMode                       main.o
_Z9LcdUpdatev                                     main.o
_ZN5BMCPP3Hal3SPIILh0ELNS0_3spi7ClkRateE0ELb1ENS_3AVR9ATMega328EE15readWriteSingleEh main.o
__bad_interrupt                                   f:/users/keven/downloads/avr-gcc-7.3.0-x64-mingw/bin/../lib/gcc/avr/7.3.0/../../../../avr/lib/avr5/crtatmega328p.o
__bss_end                                         f:/users/keven/downloads/avr-gcc-7.3.0-x64-mingw/bin/../lib/gcc/avr/7.3.0/avr5\libgcc.a(_clear_bss.o)
__bss_start                                       f:/users/keven/downloads/avr-gcc-7.3.0-x64-mingw/bin/../lib/gcc/avr/7.3.0/avr5\libgcc.a(_clear_bss.o)
__divmodhi4                                       f:/users/keven/downloads/avr-gcc-7.3.0-x64-mingw/bin/../lib/gcc/avr/7.3.0/avr5\libgcc.a(_divmodhi4.o)
                                                  main.o
__do_clear_bss                                    f:/users/keven/downloads/avr-gcc-7.3.0-x64-mingw/bin/../lib/gcc/avr/7.3.0/avr5\libgcc.a(_clear_bss.o)
                                                  main.o
__heap_end                                        f:/users/keven/downloads/avr-gcc-7.3.0-x64-mingw/bin/../lib/gcc/avr/7.3.0/../../../../avr/lib/avr5/crtatmega328p.o
__init                                            f:/users/keven/downloads/avr-gcc-7.3.0-x64-mingw/bin/../lib/gcc/avr/7.3.0/../../../../avr/lib/avr5/crtatmega328p.o
__stack                                           f:/users/keven/downloads/avr-gcc-7.3.0-x64-mingw/bin/../lib/gcc/avr/7.3.0/../../../../avr/lib/avr5/crtatmega328p.o
__udivmodhi4                                      f:/users/keven/downloads/avr-gcc-7.3.0-x64-mingw/bin/../lib/gcc/avr/7.3.0/avr5\libgcc.a(_udivmodhi4.o)
                                                  f:/users/keven/downloads/avr-gcc-7.3.0-x64-mingw/bin/../lib/gcc/avr/7.3.0/avr5\libgcc.a(_divmodhi4.o)
__vector_1                                        f:/users/keven/downloads/avr-gcc-7.3.0-x64-mingw/bin/../lib/gcc/avr/7.3.0/../../../../avr/lib/avr5/crtatmega328p.o
__vector_10                                       f:/users/keven/downloads/avr-gcc-7.3.0-x64-mingw/bin/../lib/gcc/avr/7.3.0/../../../../avr/lib/avr5/crtatmega328p.o
__vector_11                                       f:/users/keven/downloads/avr-gcc-7.3.0-x64-mingw/bin/../lib/gcc/avr/7.3.0/../../../../avr/lib/avr5/crtatmega328p.o
__vector_12                                       f:/users/keven/downloads/avr-gcc-7.3.0-x64-mingw/bin/../lib/gcc/avr/7.3.0/../../../../avr/lib/avr5/crtatmega328p.o
__vector_13                                       f:/users/keven/downloads/avr-gcc-7.3.0-x64-mingw/bin/../lib/gcc/avr/7.3.0/../../../../avr/lib/avr5/crtatmega328p.o
__vector_14                                       f:/users/keven/downloads/avr-gcc-7.3.0-x64-mingw/bin/../lib/gcc/avr/7.3.0/../../../../avr/lib/avr5/crtatmega328p.o
__vector_15                                       f:/users/keven/downloads/avr-gcc-7.3.0-x64-mingw/bin/../lib/gcc/avr/7.3.0/../../../../avr/lib/avr5/crtatmega328p.o
__vector_16                                       f:/users/keven/downloads/avr-gcc-7.3.0-x64-mingw/bin/../lib/gcc/avr/7.3.0/../../../../avr/lib/avr5/crtatmega328p.o
__vector_17                                       f:/users/keven/downloads/avr-gcc-7.3.0-x64-mingw/bin/../lib/gcc/avr/7.3.0/../../../../avr/lib/avr5/crtatmega328p.o
__vector_18                                       f:/users/keven/downloads/avr-gcc-7.3.0-x64-mingw/bin/../lib/gcc/avr/7.3.0/../../../../avr/lib/avr5/crtatmega328p.o
__vector_19                                       f:/users/keven/downloads/avr-gcc-7.3.0-x64-mingw/bin/../lib/gcc/avr/7.3.0/../../../../avr/lib/avr5/crtatmega328p.o
__vector_2                                        f:/users/keven/downloads/avr-gcc-7.3.0-x64-mingw/bin/../lib/gcc/avr/7.3.0/../../../../avr/lib/avr5/crtatmega328p.o
__vector_20                                       f:/users/keven/downloads/avr-gcc-7.3.0-x64-mingw/bin/../lib/gcc/avr/7.3.0/../../../../avr/lib/avr5/crtatmega328p.o
__vector_21                                       f:/users/keven/downloads/avr-gcc-7.3.0-x64-mingw/bin/../lib/gcc/avr/7.3.0/../../../../avr/lib/avr5/crtatmega328p.o
__vector_22                                       f:/users/keven/downloads/avr-gcc-7.3.0-x64-mingw/bin/../lib/gcc/avr/7.3.0/../../../../avr/lib/avr5/crtatmega328p.o
__vector_23                                       f:/users/keven/downloads/avr-gcc-7.3.0-x64-mingw/bin/../lib/gcc/avr/7.3.0/../../../../avr/lib/avr5/crtatmega328p.o
__vector_24                                       f:/users/keven/downloads/avr-gcc-7.3.0-x64-mingw/bin/../lib/gcc/avr/7.3.0/../../../../avr/lib/avr5/crtatmega328p.o
__vector_25                                       f:/users/keven/downloads/avr-gcc-7.3.0-x64-mingw/bin/../lib/gcc/avr/7.3.0/../../../../avr/lib/avr5/crtatmega328p.o
__vector_3                                        f:/users/keven/downloads/avr-gcc-7.3.0-x64-mingw/bin/../lib/gcc/avr/7.3.0/../../../../avr/lib/avr5/crtatmega328p.o
__vector_4                                        f:/users/keven/downloads/avr-gcc-7.3.0-x64-mingw/bin/../lib/gcc/avr/7.3.0/../../../../avr/lib/avr5/crtatmega328p.o
__vector_5                                        f:/users/keven/downloads/avr-gcc-7.3.0-x64-mingw/bin/../lib/gcc/avr/7.3.0/../../../../avr/lib/avr5/crtatmega328p.o
__vector_6                                        f:/users/keven/downloads/avr-gcc-7.3.0-x64-mingw/bin/../lib/gcc/avr/7.3.0/../../../../avr/lib/avr5/crtatmega328p.o
__vector_7                                        f:/users/keven/downloads/avr-gcc-7.3.0-x64-mingw/bin/../lib/gcc/avr/7.3.0/../../../../avr/lib/avr5/crtatmega328p.o
__vector_8                                        f:/users/keven/downloads/avr-gcc-7.3.0-x64-mingw/bin/../lib/gcc/avr/7.3.0/../../../../avr/lib/avr5/crtatmega328p.o
__vector_9                                        f:/users/keven/downloads/avr-gcc-7.3.0-x64-mingw/bin/../lib/gcc/avr/7.3.0/../../../../avr/lib/avr5/crtatmega328p.o
__vector_default                                  f:/users/keven/downloads/avr-gcc-7.3.0-x64-mingw/bin/../lib/gcc/avr/7.3.0/../../../../avr/lib/avr5/crtatmega328p.o
__vectors                                         f:/users/keven/downloads/avr-gcc-7.3.0-x64-mingw/bin/../lib/gcc/avr/7.3.0/../../../../avr/lib/avr5/crtatmega328p.o
_div                                              f:/users/keven/downloads/avr-gcc-7.3.0-x64-mingw/bin/../lib/gcc/avr/7.3.0/avr5\libgcc.a(_divmodhi4.o)
_exit                                             f:/users/keven/downloads/avr-gcc-7.3.0-x64-mingw/bin/../lib/gcc/avr/7.3.0/avr5\libgcc.a(_exit.o)
exit                                              f:/users/keven/downloads/avr-gcc-7.3.0-x64-mingw/bin/../lib/gcc/avr/7.3.0/avr5\libgcc.a(_exit.o)
                                                  f:/users/keven/downloads/avr-gcc-7.3.0-x64-mingw/bin/../lib/gcc/avr/7.3.0/../../../../avr/lib/avr5/crtatmega328p.o
main                                              main.o
                                                  f:/users/keven/downloads/avr-gcc-7.3.0-x64-mingw/bin/../lib/gcc/avr/7.3.0/../../../../avr/lib/avr5/crtatmega328p.o
memcpy_P                                          f:/users/keven/downloads/avr-gcc-7.3.0-x64-mingw/bin/../lib/gcc/avr/7.3.0/../../../../avr/lib/avr5\libc.a(memcpy_P.o)
                                                  main.o
